Mar  3 21:46:27 localhost kernel: Linux version 4.18.0-147.el8.x86_64 (mockbuild@x86-vm-09.build.eng.bos.redhat.com) (gcc version 8.3.1 20190507 (Red Hat 8.3.1-4) (GCC)) #1 SMP Thu Sep 26 15:52:44 UTC 2019
Mar  3 21:46:27 localhost kernel: Command line: BOOT_IMAGE=(hd0,msdos1)/boot/vmlinuz-4.18.0-147.el8.x86_64 root=UUID=f7614c41-2835-4125-bb13-50772dc2f30c ro console=ttyS0 console=ttyS0,115200n8 no_timer_check net.ifnames=0 crashkernel=auto
Mar  3 21:46:27 localhost kernel: x86/fpu: Supporting XSAVE feature 0x001: 'x87 floating point registers'
Mar  3 21:46:27 localhost kernel: x86/fpu: Supporting XSAVE feature 0x002: 'SSE registers'
Mar  3 21:46:27 localhost kernel: x86/fpu: Supporting XSAVE feature 0x004: 'AVX registers'
Mar  3 21:46:27 localhost kernel: x86/fpu: xstate_offset[2]:  576, xstate_sizes[2]:  256
Mar  3 21:46:27 localhost kernel: x86/fpu: Enabled xstate features 0x7, context size is 832 bytes, using 'standard' format.
Mar  3 21:46:27 localhost kernel: BIOS-provided physical RAM map:
Mar  3 21:46:27 localhost kernel: BIOS-e820: [mem 0x0000000000000000-0x000000000009fbff] usable
Mar  3 21:46:27 localhost kernel: BIOS-e820: [mem 0x000000000009fc00-0x000000000009ffff] reserved
Mar  3 21:46:27 localhost kernel: BIOS-e820: [mem 0x00000000000f0000-0x00000000000fffff] reserved
Mar  3 21:46:27 localhost kernel: BIOS-e820: [mem 0x0000000000100000-0x00000000bffd8fff] usable
Mar  3 21:46:27 localhost kernel: BIOS-e820: [mem 0x00000000bffd9000-0x00000000bfffffff] reserved
Mar  3 21:46:27 localhost kernel: BIOS-e820: [mem 0x00000000feffc000-0x00000000feffffff] reserved
Mar  3 21:46:27 localhost kernel: BIOS-e820: [mem 0x00000000fffc0000-0x00000000ffffffff] reserved
Mar  3 21:46:27 localhost kernel: BIOS-e820: [mem 0x0000000100000000-0x000000063fffffff] usable
Mar  3 21:46:27 localhost kernel: NX (Execute Disable) protection: active
Mar  3 21:46:27 localhost kernel: SMBIOS 2.8 present.
Mar  3 21:46:27 localhost kernel: DMI: Red Hat KVM, BIOS 1.11.0-2.el7 04/01/2014
Mar  3 21:46:27 localhost kernel: Hypervisor detected: KVM
Mar  3 21:46:27 localhost kernel: kvm-clock: Using msrs 4b564d01 and 4b564d00
Mar  3 21:46:27 localhost kernel: kvm-clock: cpu 0, msr 18b601001, primary cpu clock
Mar  3 21:46:27 localhost kernel: kvm-clock: using sched offset of 2102163059 cycles
Mar  3 21:46:27 localhost kernel: clocksource: kvm-clock: mask: 0xffffffffffffffff max_cycles: 0x1cd42e4dffb, max_idle_ns: 881590591483 ns
Mar  3 21:46:27 localhost kernel: last_pfn = 0x640000 max_arch_pfn = 0x400000000
Mar  3 21:46:27 localhost kernel: x86/PAT: Configuration [0-7]: WB  WC  UC- UC  WB  WP  UC- WT  
Mar  3 21:46:27 localhost kernel: last_pfn = 0xbffd9 max_arch_pfn = 0x400000000
Mar  3 21:46:27 localhost kernel: found SMP MP-table at [mem 0x000f62e0-0x000f62ef] mapped at [(____ptrval____)]
Mar  3 21:46:27 localhost kernel: Using GB pages for direct mapping
Mar  3 21:46:27 localhost kernel: RAMDISK: [mem 0x34f57000-0x367a3fff]
Mar  3 21:46:27 localhost kernel: ACPI: Early table checksum verification disabled
Mar  3 21:46:27 localhost kernel: ACPI: RSDP 0x00000000000F6290 000014 (v00 BOCHS )
Mar  3 21:46:27 localhost kernel: ACPI: RSDT 0x00000000BFFE129F 00002C (v01 BOCHS  BXPCRSDT 00000001 BXPC 00000001)
Mar  3 21:46:27 localhost kernel: ACPI: FACP 0x00000000BFFE117B 000074 (v01 BOCHS  BXPCFACP 00000001 BXPC 00000001)
Mar  3 21:46:27 localhost kernel: ACPI: DSDT 0x00000000BFFDFB80 0015FB (v01 BOCHS  BXPCDSDT 00000001 BXPC 00000001)
Mar  3 21:46:27 localhost kernel: ACPI: FACS 0x00000000BFFDFB40 000040
Mar  3 21:46:27 localhost kernel: ACPI: APIC 0x00000000BFFE11EF 0000B0 (v01 BOCHS  BXPCAPIC 00000001 BXPC 00000001)
Mar  3 21:46:27 localhost kernel: No NUMA configuration found
Mar  3 21:46:27 localhost kernel: Faking a node at [mem 0x0000000000000000-0x000000063fffffff]
Mar  3 21:46:27 localhost kernel: NODE_DATA(0) allocated [mem 0x63ffd6000-0x63fffffff]
Mar  3 21:46:27 localhost kernel: Using crashkernel=auto, the size chosen is a best effort estimation.
Mar  3 21:46:27 localhost kernel: Reserving 160MB of memory at 2896MB for crashkernel (System RAM: 24575MB)
Mar  3 21:46:27 localhost kernel: Zone ranges:
Mar  3 21:46:27 localhost kernel:  DMA      [mem 0x0000000000001000-0x0000000000ffffff]
Mar  3 21:46:27 localhost kernel:  DMA32    [mem 0x0000000001000000-0x00000000ffffffff]
Mar  3 21:46:27 localhost kernel:  Normal   [mem 0x0000000100000000-0x000000063fffffff]
Mar  3 21:46:27 localhost kernel:  Device   empty
Mar  3 21:46:27 localhost kernel: Movable zone start for each node
Mar  3 21:46:27 localhost kernel: Early memory node ranges
Mar  3 21:46:27 localhost kernel:  node   0: [mem 0x0000000000001000-0x000000000009efff]
Mar  3 21:46:27 localhost kernel:  node   0: [mem 0x0000000000100000-0x00000000bffd8fff]
Mar  3 21:46:27 localhost kernel:  node   0: [mem 0x0000000100000000-0x000000063fffffff]
Mar  3 21:46:27 localhost kernel: Zeroed struct page in unavailable ranges: 137 pages
Mar  3 21:46:27 localhost kernel: Initmem setup node 0 [mem 0x0000000000001000-0x000000063fffffff]
Mar  3 21:46:27 localhost kernel: ACPI: PM-Timer IO Port: 0x608
Mar  3 21:46:27 localhost kernel: ACPI: LAPIC_NMI (acpi_id[0xff] dfl dfl lint[0x1])
Mar  3 21:46:27 localhost kernel: IOAPIC[0]: apic_id 0, version 17, address 0xfec00000, GSI 0-23
Mar  3 21:46:27 localhost kernel: ACPI: INT_SRC_OVR (bus 0 bus_irq 0 global_irq 2 dfl dfl)
Mar  3 21:46:27 localhost kernel: ACPI: INT_SRC_OVR (bus 0 bus_irq 5 global_irq 5 high level)
Mar  3 21:46:27 localhost kernel: ACPI: INT_SRC_OVR (bus 0 bus_irq 9 global_irq 9 high level)
Mar  3 21:46:27 localhost kernel: ACPI: INT_SRC_OVR (bus 0 bus_irq 10 global_irq 10 high level)
Mar  3 21:46:27 localhost kernel: ACPI: INT_SRC_OVR (bus 0 bus_irq 11 global_irq 11 high level)
Mar  3 21:46:27 localhost kernel: Using ACPI (MADT) for SMP configuration information
Mar  3 21:46:27 localhost kernel: smpboot: Allowing 8 CPUs, 0 hotplug CPUs
Mar  3 21:46:27 localhost kernel: PM: Registered nosave memory: [mem 0x00000000-0x00000fff]
Mar  3 21:46:27 localhost kernel: PM: Registered nosave memory: [mem 0x0009f000-0x0009ffff]
Mar  3 21:46:27 localhost kernel: PM: Registered nosave memory: [mem 0x000a0000-0x000effff]
Mar  3 21:46:27 localhost kernel: PM: Registered nosave memory: [mem 0x000f0000-0x000fffff]
Mar  3 21:46:27 localhost kernel: PM: Registered nosave memory: [mem 0xbffd9000-0xbfffffff]
Mar  3 21:46:27 localhost kernel: PM: Registered nosave memory: [mem 0xc0000000-0xfeffbfff]
Mar  3 21:46:27 localhost kernel: PM: Registered nosave memory: [mem 0xfeffc000-0xfeffffff]
Mar  3 21:46:27 localhost kernel: PM: Registered nosave memory: [mem 0xff000000-0xfffbffff]
Mar  3 21:46:27 localhost kernel: PM: Registered nosave memory: [mem 0xfffc0000-0xffffffff]
Mar  3 21:46:27 localhost kernel: [mem 0xc0000000-0xfeffbfff] available for PCI devices
Mar  3 21:46:27 localhost kernel: Booting paravirtualized kernel on KVM
Mar  3 21:46:27 localhost kernel: clocksource: refined-jiffies: mask: 0xffffffff max_cycles: 0xffffffff, max_idle_ns: 1910969940391419 ns
Mar  3 21:46:27 localhost kernel: setup_percpu: NR_CPUS:8192 nr_cpumask_bits:8 nr_cpu_ids:8 nr_node_ids:1
Mar  3 21:46:27 localhost kernel: percpu: Embedded 47 pages/cpu s155648 r8192 d28672 u262144
Mar  3 21:46:27 localhost kernel: KVM setup async PF for cpu 0
Mar  3 21:46:27 localhost kernel: kvm-stealtime: cpu 0, msr 627a25040
Mar  3 21:46:27 localhost kernel: PV qspinlock hash table entries: 256 (order: 0, 4096 bytes)
Mar  3 21:46:27 localhost kernel: Built 1 zonelists, mobility grouping on.  Total pages: 6192994
Mar  3 21:46:27 localhost kernel: Policy zone: Normal
Mar  3 21:46:27 localhost kernel: Kernel command line: BOOT_IMAGE=(hd0,msdos1)/boot/vmlinuz-4.18.0-147.el8.x86_64 root=UUID=f7614c41-2835-4125-bb13-50772dc2f30c ro console=ttyS0 console=ttyS0,115200n8 no_timer_check net.ifnames=0 crashkernel=auto
Mar  3 21:46:27 localhost kernel: Specific versions of hardware are certified with Red Hat Enterprise Linux 8. Please see the list of hardware certified with Red Hat Enterprise Linux 8 at https://access.redhat.com/ecosystem.
Mar  3 21:46:27 localhost kernel: Memory: 3021908K/25165276K available (12292K kernel code, 2117K rwdata, 3780K rodata, 2368K init, 6348K bss, 682696K reserved, 0K cma-reserved)
Mar  3 21:46:27 localhost kernel: SLUB: HWalign=64, Order=0-3, MinObjects=0, CPUs=8, Nodes=1
Mar  3 21:46:27 localhost kernel: Kernel/User page tables isolation: enabled
Mar  3 21:46:27 localhost kernel: ftrace: allocating 35709 entries in 140 pages
Mar  3 21:46:27 localhost kernel: rcu: Hierarchical RCU implementation.
Mar  3 21:46:27 localhost kernel: rcu: #011RCU restricting CPUs from NR_CPUS=8192 to nr_cpu_ids=8.
Mar  3 21:46:27 localhost kernel: rcu: RCU calculated value of scheduler-enlistment delay is 100 jiffies.
Mar  3 21:46:27 localhost kernel: rcu: Adjusting geometry for rcu_fanout_leaf=16, nr_cpu_ids=8
Mar  3 21:46:27 localhost kernel: NR_IRQS: 524544, nr_irqs: 488, preallocated irqs: 16
Mar  3 21:46:27 localhost kernel: random: get_random_bytes called from start_kernel+0x36b/0x55b with crng_init=0
Mar  3 21:46:27 localhost kernel: Console: colour VGA+ 80x25
Mar  3 21:46:27 localhost kernel: console [ttyS0] enabled
Mar  3 21:46:27 localhost kernel: ACPI: Core revision 20180531
Mar  3 21:46:27 localhost kernel: APIC: Switch to symmetric I/O mode setup
Mar  3 21:46:27 localhost kernel: x2apic enabled
Mar  3 21:46:27 localhost kernel: Switched APIC routing to physical x2apic.
Mar  3 21:46:27 localhost kernel: ..TIMER: vector=0x30 apic1=0 pin1=2 apic2=-1 pin2=-1
Mar  3 21:46:27 localhost kernel: tsc: Detected 2199.998 MHz processor
Mar  3 21:46:27 localhost kernel: clocksource: tsc-early: mask: 0xffffffffffffffff max_cycles: 0x1fb63109b96, max_idle_ns: 440795265316 ns
Mar  3 21:46:27 localhost kernel: Calibrating delay loop (skipped) preset value.. 4399.99 BogoMIPS (lpj=2199998)
Mar  3 21:46:27 localhost kernel: pid_max: default: 32768 minimum: 301
Mar  3 21:46:27 localhost kernel: Security Framework initialized
Mar  3 21:46:27 localhost kernel: Yama: becoming mindful.
Mar  3 21:46:27 localhost kernel: SELinux:  Initializing.
Mar  3 21:46:27 localhost kernel: Dentry cache hash table entries: 4194304 (order: 13, 33554432 bytes)
Mar  3 21:46:27 localhost kernel: Inode-cache hash table entries: 2097152 (order: 12, 16777216 bytes)
Mar  3 21:46:27 localhost kernel: Mount-cache hash table entries: 65536 (order: 7, 524288 bytes)
Mar  3 21:46:27 localhost kernel: Mountpoint-cache hash table entries: 65536 (order: 7, 524288 bytes)
Mar  3 21:46:27 localhost kernel: Last level iTLB entries: 4KB 0, 2MB 0, 4MB 0
Mar  3 21:46:27 localhost kernel: Last level dTLB entries: 4KB 0, 2MB 0, 4MB 0, 1GB 0
Mar  3 21:46:27 localhost kernel: FEATURE SPEC_CTRL Present
Mar  3 21:46:27 localhost kernel: FEATURE IBPB_SUPPORT Present
Mar  3 21:46:27 localhost kernel: Spectre V1 : Mitigation: usercopy/swapgs barriers and __user pointer sanitization
Mar  3 21:46:27 localhost kernel: Spectre V2 : Mitigation: Full generic retpoline
Mar  3 21:46:27 localhost kernel: Spectre V2 : Spectre v2 / SpectreRSB mitigation: Filling RSB on context switch
Mar  3 21:46:27 localhost kernel: Spectre V2 : Enabling Restricted Speculation for firmware calls
Mar  3 21:46:27 localhost kernel: Spectre V2 : mitigation: Enabling conditional Indirect Branch Prediction Barrier
Mar  3 21:46:27 localhost kernel: Speculative Store Bypass: Mitigation: Speculative Store Bypass disabled via prctl and seccomp
Mar  3 21:46:27 localhost kernel: MDS: Vulnerable: Clear CPU buffers attempted, no microcode
Mar  3 21:46:27 localhost kernel: Freeing SMP alternatives memory: 32K
Mar  3 21:46:27 localhost kernel: smpboot: CPU0: Intel(R) Xeon(R) CPU E5-2630 v4 @ 2.20GHz (family: 0x6, model: 0x4f, stepping: 0x1)
Mar  3 21:46:27 localhost kernel: Performance Events: Broadwell events, Intel PMU driver.
Mar  3 21:46:27 localhost kernel: ... version:                2
Mar  3 21:46:27 localhost kernel: ... bit width:              48
Mar  3 21:46:27 localhost kernel: ... generic registers:      4
Mar  3 21:46:27 localhost kernel: ... value mask:             0000ffffffffffff
Mar  3 21:46:27 localhost kernel: ... max period:             000000007fffffff
Mar  3 21:46:27 localhost kernel: ... fixed-purpose events:   3
Mar  3 21:46:27 localhost kernel: ... event mask:             000000070000000f
Mar  3 21:46:27 localhost kernel: rcu: Hierarchical SRCU implementation.
Mar  3 21:46:27 localhost kernel: smp: Bringing up secondary CPUs ...
Mar  3 21:46:27 localhost kernel: x86: Booting SMP configuration:
Mar  3 21:46:27 localhost kernel: .... node  #0, CPUs:      #1
Mar  3 21:46:27 localhost kernel: kvm-clock: cpu 1, msr 18b601041, secondary cpu clock
Mar  3 21:46:27 localhost kernel: KVM setup async PF for cpu 1
Mar  3 21:46:27 localhost kernel: kvm-stealtime: cpu 1, msr 627a65040
Mar  3 21:46:27 localhost kernel: #2
Mar  3 21:46:27 localhost kernel: kvm-clock: cpu 2, msr 18b601081, secondary cpu clock
Mar  3 21:46:27 localhost kernel: KVM setup async PF for cpu 2
Mar  3 21:46:27 localhost kernel: kvm-stealtime: cpu 2, msr 627aa5040
Mar  3 21:46:27 localhost kernel: #3
Mar  3 21:46:27 localhost kernel: kvm-clock: cpu 3, msr 18b6010c1, secondary cpu clock
Mar  3 21:46:27 localhost kernel: KVM setup async PF for cpu 3
Mar  3 21:46:27 localhost kernel: kvm-stealtime: cpu 3, msr 627ae5040
Mar  3 21:46:27 localhost kernel: #4
Mar  3 21:46:27 localhost kernel: kvm-clock: cpu 4, msr 18b601101, secondary cpu clock
Mar  3 21:46:27 localhost kernel: KVM setup async PF for cpu 4
Mar  3 21:46:27 localhost kernel: kvm-stealtime: cpu 4, msr 627b25040
Mar  3 21:46:27 localhost kernel: #5
Mar  3 21:46:27 localhost kernel: kvm-clock: cpu 5, msr 18b601141, secondary cpu clock
Mar  3 21:46:27 localhost kernel: KVM setup async PF for cpu 5
Mar  3 21:46:27 localhost kernel: kvm-stealtime: cpu 5, msr 627b65040
Mar  3 21:46:27 localhost kernel: #6
Mar  3 21:46:27 localhost kernel: kvm-clock: cpu 6, msr 18b601181, secondary cpu clock
Mar  3 21:46:27 localhost kernel: KVM setup async PF for cpu 6
Mar  3 21:46:27 localhost kernel: kvm-stealtime: cpu 6, msr 627ba5040
Mar  3 21:46:27 localhost kernel: #7
Mar  3 21:46:27 localhost kernel: kvm-clock: cpu 7, msr 18b6011c1, secondary cpu clock
Mar  3 21:46:27 localhost kernel: KVM setup async PF for cpu 7
Mar  3 21:46:27 localhost kernel: kvm-stealtime: cpu 7, msr 627be5040
Mar  3 21:46:27 localhost kernel: smp: Brought up 1 node, 8 CPUs
Mar  3 21:46:27 localhost kernel: smpboot: Max logical packages: 8
Mar  3 21:46:27 localhost kernel: smpboot: Total of 8 processors activated (35199.96 BogoMIPS)
Mar  3 21:46:27 localhost kernel: node 0 initialised, 5365168 pages in 240ms
Mar  3 21:46:27 localhost kernel: devtmpfs: initialized
Mar  3 21:46:27 localhost kernel: x86/mm: Memory block size: 128MB
Mar  3 21:46:27 localhost kernel: clocksource: jiffies: mask: 0xffffffff max_cycles: 0xffffffff, max_idle_ns: 1911260446275000 ns
Mar  3 21:46:27 localhost kernel: futex hash table entries: 2048 (order: 5, 131072 bytes)
Mar  3 21:46:27 localhost kernel: pinctrl core: initialized pinctrl subsystem
Mar  3 21:46:27 localhost kernel: NET: Registered protocol family 16
Mar  3 21:46:27 localhost kernel: audit: initializing netlink subsys (disabled)
Mar  3 21:46:27 localhost kernel: audit: type=2000 audit(1583289985.756:1): state=initialized audit_enabled=0 res=1
Mar  3 21:46:27 localhost kernel: cpuidle: using governor menu
Mar  3 21:46:27 localhost kernel: ACPI: bus type PCI registered
Mar  3 21:46:27 localhost kernel: acpiphp: ACPI Hot Plug PCI Controller Driver version: 0.5
Mar  3 21:46:27 localhost kernel: PCI: Using configuration type 1 for base access
Mar  3 21:46:27 localhost kernel: HugeTLB registered 1.00 GiB page size, pre-allocated 0 pages
Mar  3 21:46:27 localhost kernel: HugeTLB registered 2.00 MiB page size, pre-allocated 0 pages
Mar  3 21:46:27 localhost kernel: cryptd: max_cpu_qlen set to 1000
Mar  3 21:46:27 localhost kernel: ACPI: Added _OSI(Module Device)
Mar  3 21:46:27 localhost kernel: ACPI: Added _OSI(Processor Device)
Mar  3 21:46:27 localhost kernel: ACPI: Added _OSI(3.0 _SCP Extensions)
Mar  3 21:46:27 localhost kernel: ACPI: Added _OSI(Processor Aggregator Device)
Mar  3 21:46:27 localhost kernel: ACPI: Added _OSI(Linux-Dell-Video)
Mar  3 21:46:27 localhost kernel: ACPI: 1 ACPI AML tables successfully acquired and loaded
Mar  3 21:46:27 localhost kernel: ACPI: Interpreter enabled
Mar  3 21:46:27 localhost kernel: ACPI: (supports S0 S5)
Mar  3 21:46:27 localhost kernel: ACPI: Using IOAPIC for interrupt routing
Mar  3 21:46:27 localhost kernel: PCI: Using host bridge windows from ACPI; if necessary, use "pci=nocrs" and report a bug
Mar  3 21:46:27 localhost kernel: ACPI: Enabled 2 GPEs in block 00 to 0F
Mar  3 21:46:27 localhost kernel: ACPI: PCI Root Bridge [PCI0] (domain 0000 [bus 00-ff])
Mar  3 21:46:27 localhost kernel: acpi PNP0A03:00: _OSC: OS supports [ASPM ClockPM Segments MSI]
Mar  3 21:46:27 localhost kernel: acpi PNP0A03:00: fail to add MMCONFIG information, can't access extended PCI configuration space under this bridge.
Mar  3 21:46:27 localhost kernel: acpiphp: Slot [3] registered
Mar  3 21:46:27 localhost kernel: acpiphp: Slot [4] registered
Mar  3 21:46:27 localhost kernel: acpiphp: Slot [5] registered
Mar  3 21:46:27 localhost kernel: acpiphp: Slot [7] registered
Mar  3 21:46:27 localhost kernel: acpiphp: Slot [8] registered
Mar  3 21:46:27 localhost kernel: acpiphp: Slot [9] registered
Mar  3 21:46:27 localhost kernel: acpiphp: Slot [10] registered
Mar  3 21:46:27 localhost kernel: acpiphp: Slot [11] registered
Mar  3 21:46:27 localhost kernel: acpiphp: Slot [12] registered
Mar  3 21:46:27 localhost kernel: acpiphp: Slot [13] registered
Mar  3 21:46:27 localhost kernel: acpiphp: Slot [14] registered
Mar  3 21:46:27 localhost kernel: acpiphp: Slot [15] registered
Mar  3 21:46:27 localhost kernel: acpiphp: Slot [16] registered
Mar  3 21:46:27 localhost kernel: acpiphp: Slot [17] registered
Mar  3 21:46:27 localhost kernel: acpiphp: Slot [18] registered
Mar  3 21:46:27 localhost kernel: acpiphp: Slot [19] registered
Mar  3 21:46:27 localhost kernel: acpiphp: Slot [20] registered
Mar  3 21:46:27 localhost kernel: acpiphp: Slot [21] registered
Mar  3 21:46:27 localhost kernel: acpiphp: Slot [22] registered
Mar  3 21:46:27 localhost kernel: acpiphp: Slot [23] registered
Mar  3 21:46:27 localhost kernel: acpiphp: Slot [24] registered
Mar  3 21:46:27 localhost kernel: acpiphp: Slot [25] registered
Mar  3 21:46:27 localhost kernel: acpiphp: Slot [26] registered
Mar  3 21:46:27 localhost kernel: acpiphp: Slot [27] registered
Mar  3 21:46:27 localhost kernel: acpiphp: Slot [28] registered
Mar  3 21:46:27 localhost kernel: acpiphp: Slot [29] registered
Mar  3 21:46:27 localhost kernel: acpiphp: Slot [30] registered
Mar  3 21:46:27 localhost kernel: acpiphp: Slot [31] registered
Mar  3 21:46:27 localhost kernel: PCI host bridge to bus 0000:00
Mar  3 21:46:27 localhost kernel: pci_bus 0000:00: root bus resource [io  0x0000-0x0cf7 window]
Mar  3 21:46:27 localhost kernel: pci_bus 0000:00: root bus resource [io  0x0d00-0xffff window]
Mar  3 21:46:27 localhost kernel: pci_bus 0000:00: root bus resource [mem 0x000a0000-0x000bffff window]
Mar  3 21:46:27 localhost kernel: pci_bus 0000:00: root bus resource [mem 0xc0000000-0xfebfffff window]
Mar  3 21:46:27 localhost kernel: pci_bus 0000:00: root bus resource [mem 0x640000000-0x6bfffffff window]
Mar  3 21:46:27 localhost kernel: pci_bus 0000:00: root bus resource [bus 00-ff]
Mar  3 21:46:27 localhost kernel: pci 0000:00:01.1: legacy IDE quirk: reg 0x10: [io  0x01f0-0x01f7]
Mar  3 21:46:27 localhost kernel: pci 0000:00:01.1: legacy IDE quirk: reg 0x14: [io  0x03f6]
Mar  3 21:46:27 localhost kernel: pci 0000:00:01.1: legacy IDE quirk: reg 0x18: [io  0x0170-0x0177]
Mar  3 21:46:27 localhost kernel: pci 0000:00:01.1: legacy IDE quirk: reg 0x1c: [io  0x0376]
Mar  3 21:46:27 localhost kernel: pci 0000:00:01.3: quirk: [io  0x0600-0x063f] claimed by PIIX4 ACPI
Mar  3 21:46:27 localhost kernel: pci 0000:00:01.3: quirk: [io  0x0700-0x070f] claimed by PIIX4 SMB
Mar  3 21:46:27 localhost kernel: ACPI: PCI Interrupt Link [LNKA] (IRQs 5 *10 11)
Mar  3 21:46:27 localhost kernel: ACPI: PCI Interrupt Link [LNKB] (IRQs 5 *10 11)
Mar  3 21:46:27 localhost kernel: ACPI: PCI Interrupt Link [LNKC] (IRQs 5 10 *11)
Mar  3 21:46:27 localhost kernel: ACPI: PCI Interrupt Link [LNKD] (IRQs 5 10 *11)
Mar  3 21:46:27 localhost kernel: ACPI: PCI Interrupt Link [LNKS] (IRQs *9)
Mar  3 21:46:27 localhost kernel: pci 0000:00:02.0: vgaarb: setting as boot VGA device
Mar  3 21:46:27 localhost kernel: pci 0000:00:02.0: vgaarb: VGA device added: decodes=io+mem,owns=io+mem,locks=none
Mar  3 21:46:27 localhost kernel: pci 0000:00:02.0: vgaarb: bridge control possible
Mar  3 21:46:27 localhost kernel: vgaarb: loaded
Mar  3 21:46:27 localhost kernel: SCSI subsystem initialized
Mar  3 21:46:27 localhost kernel: ACPI: bus type USB registered
Mar  3 21:46:27 localhost kernel: usbcore: registered new interface driver usbfs
Mar  3 21:46:27 localhost kernel: usbcore: registered new interface driver hub
Mar  3 21:46:27 localhost kernel: usbcore: registered new device driver usb
Mar  3 21:46:27 localhost kernel: pps_core: LinuxPPS API ver. 1 registered
Mar  3 21:46:27 localhost kernel: pps_core: Software ver. 5.3.6 - Copyright 2005-2007 Rodolfo Giometti <giometti@linux.it>
Mar  3 21:46:27 localhost kernel: PTP clock support registered
Mar  3 21:46:27 localhost kernel: EDAC MC: Ver: 3.0.0
Mar  3 21:46:27 localhost kernel: PCI: Using ACPI for IRQ routing
Mar  3 21:46:27 localhost kernel: NetLabel: Initializing
Mar  3 21:46:27 localhost kernel: NetLabel:  domain hash size = 128
Mar  3 21:46:27 localhost kernel: NetLabel:  protocols = UNLABELED CIPSOv4 CALIPSO
Mar  3 21:46:27 localhost kernel: NetLabel:  unlabeled traffic allowed by default
Mar  3 21:46:27 localhost kernel: clocksource: Switched to clocksource kvm-clock
Mar  3 21:46:27 localhost kernel: VFS: Disk quotas dquot_6.6.0
Mar  3 21:46:27 localhost kernel: VFS: Dquot-cache hash table entries: 512 (order 0, 4096 bytes)
Mar  3 21:46:27 localhost kernel: pnp: PnP ACPI init
Mar  3 21:46:27 localhost kernel: pnp: PnP ACPI: found 5 devices
Mar  3 21:46:27 localhost kernel: clocksource: acpi_pm: mask: 0xffffff max_cycles: 0xffffff, max_idle_ns: 2085701024 ns
Mar  3 21:46:27 localhost kernel: NET: Registered protocol family 2
Mar  3 21:46:27 localhost kernel: tcp_listen_portaddr_hash hash table entries: 16384 (order: 6, 262144 bytes)
Mar  3 21:46:27 localhost kernel: TCP established hash table entries: 262144 (order: 9, 2097152 bytes)
Mar  3 21:46:27 localhost kernel: TCP bind hash table entries: 65536 (order: 8, 1048576 bytes)
Mar  3 21:46:27 localhost kernel: TCP: Hash tables configured (established 262144 bind 65536)
Mar  3 21:46:27 localhost kernel: UDP hash table entries: 16384 (order: 7, 524288 bytes)
Mar  3 21:46:27 localhost kernel: UDP-Lite hash table entries: 16384 (order: 7, 524288 bytes)
Mar  3 21:46:27 localhost kernel: NET: Registered protocol family 1
Mar  3 21:46:27 localhost kernel: NET: Registered protocol family 44
Mar  3 21:46:27 localhost kernel: pci 0000:00:00.0: Limiting direct PCI/PCI transfers
Mar  3 21:46:27 localhost kernel: pci 0000:00:01.0: PIIX3: Enabling Passive Release
Mar  3 21:46:27 localhost kernel: pci 0000:00:01.0: Activating ISA DMA hang workarounds
Mar  3 21:46:27 localhost kernel: pci 0000:00:02.0: Video device with shadowed ROM at [mem 0x000c0000-0x000dffff]
Mar  3 21:46:27 localhost kernel: PCI Interrupt Link [LNKB] enabled at IRQ 10
Mar  3 21:46:27 localhost kernel: pci 0000:00:06.0: quirk_usb_early_handoff+0x0/0x6c5 took 37153 usecs
Mar  3 21:46:27 localhost kernel: PCI Interrupt Link [LNKC] enabled at IRQ 11
Mar  3 21:46:27 localhost kernel: pci 0000:00:06.1: quirk_usb_early_handoff+0x0/0x6c5 took 37587 usecs
Mar  3 21:46:27 localhost kernel: PCI Interrupt Link [LNKD] enabled at IRQ 11
Mar  3 21:46:27 localhost kernel: pci 0000:00:06.2: quirk_usb_early_handoff+0x0/0x6c5 took 37336 usecs
Mar  3 21:46:27 localhost kernel: PCI Interrupt Link [LNKA] enabled at IRQ 10
Mar  3 21:46:27 localhost kernel: pci 0000:00:06.7: quirk_usb_early_handoff+0x0/0x6c5 took 37392 usecs
Mar  3 21:46:27 localhost kernel: Unpacking initramfs...
Mar  3 21:46:27 localhost kernel: Freeing initrd memory: 24884K
Mar  3 21:46:27 localhost kernel: PCI-DMA: Using software bounce buffering for IO (SWIOTLB)
Mar  3 21:46:27 localhost kernel: software IO TLB: mapped [mem 0xb1000000-0xb5000000] (64MB)
Mar  3 21:46:27 localhost kernel: clocksource: tsc: mask: 0xffffffffffffffff max_cycles: 0x1fb63109b96, max_idle_ns: 440795265316 ns
Mar  3 21:46:27 localhost kernel: Initialise system trusted keyrings
Mar  3 21:46:27 localhost kernel: Key type blacklist registered
Mar  3 21:46:27 localhost kernel: workingset: timestamp_bits=36 max_order=23 bucket_order=0
Mar  3 21:46:27 localhost kernel: zbud: loaded
Mar  3 21:46:27 localhost kernel: pstore: using deflate compression
Mar  3 21:46:27 localhost kernel: Platform Keyring initialized
Mar  3 21:46:27 localhost kernel: NET: Registered protocol family 38
Mar  3 21:46:27 localhost kernel: Key type asymmetric registered
Mar  3 21:46:27 localhost kernel: Asymmetric key parser 'x509' registered
Mar  3 21:46:27 localhost kernel: Block layer SCSI generic (bsg) driver version 0.4 loaded (major 245)
Mar  3 21:46:27 localhost kernel: io scheduler mq-deadline registered
Mar  3 21:46:27 localhost kernel: io scheduler kyber registered
Mar  3 21:46:27 localhost kernel: io scheduler bfq registered
Mar  3 21:46:27 localhost kernel: atomic64_test: passed for x86-64 platform with CX8 and with SSE
Mar  3 21:46:27 localhost kernel: shpchp: Standard Hot Plug PCI Controller Driver version: 0.4
Mar  3 21:46:27 localhost kernel: input: Power Button as /devices/LNXSYSTM:00/LNXPWRBN:00/input/input0
Mar  3 21:46:27 localhost kernel: ACPI: Power Button [PWRF]
Mar  3 21:46:27 localhost kernel: Serial: 8250/16550 driver, 4 ports, IRQ sharing enabled
Mar  3 21:46:27 localhost kernel: 00:04: ttyS0 at I/O 0x3f8 (irq = 4, base_baud = 115200) is a 16550A
Mar  3 21:46:27 localhost kernel: Non-volatile memory driver v1.3
Mar  3 21:46:27 localhost kernel: random: fast init done
Mar  3 21:46:27 localhost kernel: random: crng init done
Mar  3 21:46:27 localhost kernel: rdac: device handler registered
Mar  3 21:46:27 localhost kernel: hp_sw: device handler registered
Mar  3 21:46:27 localhost kernel: emc: device handler registered
Mar  3 21:46:27 localhost kernel: alua: device handler registered
Mar  3 21:46:27 localhost kernel: libphy: Fixed MDIO Bus: probed
Mar  3 21:46:27 localhost kernel: ehci_hcd: USB 2.0 'Enhanced' Host Controller (EHCI) Driver
Mar  3 21:46:27 localhost kernel: ehci-pci: EHCI PCI platform driver
Mar  3 21:46:27 localhost kernel: ehci-pci 0000:00:06.7: EHCI Host Controller
Mar  3 21:46:27 localhost kernel: ehci-pci 0000:00:06.7: new USB bus registered, assigned bus number 1
Mar  3 21:46:27 localhost kernel: ehci-pci 0000:00:06.7: irq 10, io mem 0xfebd4000
Mar  3 21:46:27 localhost kernel: ehci-pci 0000:00:06.7: USB 2.0 started, EHCI 1.00
Mar  3 21:46:27 localhost kernel: usb usb1: New USB device found, idVendor=1d6b, idProduct=0002, bcdDevice= 4.18
Mar  3 21:46:27 localhost kernel: usb usb1: New USB device strings: Mfr=3, Product=2, SerialNumber=1
Mar  3 21:46:27 localhost kernel: usb usb1: Product: EHCI Host Controller
Mar  3 21:46:27 localhost kernel: usb usb1: Manufacturer: Linux 4.18.0-147.el8.x86_64 ehci_hcd
Mar  3 21:46:27 localhost kernel: usb usb1: SerialNumber: 0000:00:06.7
Mar  3 21:46:27 localhost kernel: hub 1-0:1.0: USB hub found
Mar  3 21:46:27 localhost kernel: hub 1-0:1.0: 6 ports detected
Mar  3 21:46:27 localhost kernel: ohci_hcd: USB 1.1 'Open' Host Controller (OHCI) Driver
Mar  3 21:46:27 localhost kernel: ohci-pci: OHCI PCI platform driver
Mar  3 21:46:27 localhost kernel: uhci_hcd: USB Universal Host Controller Interface driver
Mar  3 21:46:27 localhost kernel: uhci_hcd 0000:00:06.0: UHCI Host Controller
Mar  3 21:46:27 localhost kernel: uhci_hcd 0000:00:06.0: new USB bus registered, assigned bus number 2
Mar  3 21:46:27 localhost kernel: uhci_hcd 0000:00:06.0: detected 2 ports
Mar  3 21:46:27 localhost kernel: uhci_hcd 0000:00:06.0: irq 10, io base 0x0000c0e0
Mar  3 21:46:27 localhost kernel: usb usb2: New USB device found, idVendor=1d6b, idProduct=0001, bcdDevice= 4.18
Mar  3 21:46:27 localhost kernel: usb usb2: New USB device strings: Mfr=3, Product=2, SerialNumber=1
Mar  3 21:46:27 localhost kernel: usb usb2: Product: UHCI Host Controller
Mar  3 21:46:27 localhost kernel: usb usb2: Manufacturer: Linux 4.18.0-147.el8.x86_64 uhci_hcd
Mar  3 21:46:27 localhost kernel: usb usb2: SerialNumber: 0000:00:06.0
Mar  3 21:46:27 localhost kernel: hub 2-0:1.0: USB hub found
Mar  3 21:46:27 localhost kernel: hub 2-0:1.0: 2 ports detected
Mar  3 21:46:27 localhost kernel: uhci_hcd 0000:00:06.1: UHCI Host Controller
Mar  3 21:46:27 localhost kernel: uhci_hcd 0000:00:06.1: new USB bus registered, assigned bus number 3
Mar  3 21:46:27 localhost kernel: uhci_hcd 0000:00:06.1: detected 2 ports
Mar  3 21:46:27 localhost kernel: uhci_hcd 0000:00:06.1: irq 11, io base 0x0000c100
Mar  3 21:46:27 localhost kernel: usb usb3: New USB device found, idVendor=1d6b, idProduct=0001, bcdDevice= 4.18
Mar  3 21:46:27 localhost kernel: usb usb3: New USB device strings: Mfr=3, Product=2, SerialNumber=1
Mar  3 21:46:27 localhost kernel: usb usb3: Product: UHCI Host Controller
Mar  3 21:46:27 localhost kernel: usb usb3: Manufacturer: Linux 4.18.0-147.el8.x86_64 uhci_hcd
Mar  3 21:46:27 localhost kernel: usb usb3: SerialNumber: 0000:00:06.1
Mar  3 21:46:27 localhost kernel: hub 3-0:1.0: USB hub found
Mar  3 21:46:27 localhost kernel: hub 3-0:1.0: 2 ports detected
Mar  3 21:46:27 localhost kernel: uhci_hcd 0000:00:06.2: UHCI Host Controller
Mar  3 21:46:27 localhost kernel: uhci_hcd 0000:00:06.2: new USB bus registered, assigned bus number 4
Mar  3 21:46:27 localhost kernel: uhci_hcd 0000:00:06.2: detected 2 ports
Mar  3 21:46:27 localhost kernel: uhci_hcd 0000:00:06.2: irq 11, io base 0x0000c120
Mar  3 21:46:27 localhost kernel: usb usb4: New USB device found, idVendor=1d6b, idProduct=0001, bcdDevice= 4.18
Mar  3 21:46:27 localhost kernel: usb usb4: New USB device strings: Mfr=3, Product=2, SerialNumber=1
Mar  3 21:46:27 localhost kernel: usb usb4: Product: UHCI Host Controller
Mar  3 21:46:27 localhost kernel: usb usb4: Manufacturer: Linux 4.18.0-147.el8.x86_64 uhci_hcd
Mar  3 21:46:27 localhost kernel: usb usb4: SerialNumber: 0000:00:06.2
Mar  3 21:46:27 localhost kernel: hub 4-0:1.0: USB hub found
Mar  3 21:46:27 localhost kernel: hub 4-0:1.0: 2 ports detected
Mar  3 21:46:27 localhost kernel: usbcore: registered new interface driver usbserial_generic
Mar  3 21:46:27 localhost kernel: usbserial: USB Serial support registered for generic
Mar  3 21:46:27 localhost kernel: i8042: PNP: PS/2 Controller [PNP0303:KBD,PNP0f13:MOU] at 0x60,0x64 irq 1,12
Mar  3 21:46:27 localhost kernel: serio: i8042 KBD port at 0x60,0x64 irq 1
Mar  3 21:46:27 localhost kernel: serio: i8042 AUX port at 0x60,0x64 irq 12
Mar  3 21:46:27 localhost kernel: mousedev: PS/2 mouse device common for all mice
Mar  3 21:46:27 localhost kernel: input: AT Translated Set 2 keyboard as /devices/platform/i8042/serio0/input/input1
Mar  3 21:46:27 localhost kernel: rtc_cmos 00:00: RTC can wake from S4
Mar  3 21:46:27 localhost kernel: input: VirtualPS/2 VMware VMMouse as /devices/platform/i8042/serio1/input/input4
Mar  3 21:46:27 localhost kernel: rtc_cmos 00:00: registered as rtc0
Mar  3 21:46:27 localhost kernel: rtc_cmos 00:00: alarms up to one day, y3k, 114 bytes nvram
Mar  3 21:46:27 localhost kernel: input: VirtualPS/2 VMware VMMouse as /devices/platform/i8042/serio1/input/input3
Mar  3 21:46:27 localhost kernel: hidraw: raw HID events driver (C) Jiri Kosina
Mar  3 21:46:27 localhost kernel: usbcore: registered new interface driver usbhid
Mar  3 21:46:27 localhost kernel: usbhid: USB HID core driver
Mar  3 21:46:27 localhost kernel: drop_monitor: Initializing network drop monitor service
Mar  3 21:46:27 localhost kernel: Initializing XFRM netlink socket
Mar  3 21:46:27 localhost kernel: NET: Registered protocol family 10
Mar  3 21:46:27 localhost kernel: Segment Routing with IPv6
Mar  3 21:46:27 localhost kernel: NET: Registered protocol family 17
Mar  3 21:46:27 localhost kernel: mpls_gso: MPLS GSO support
Mar  3 21:46:27 localhost kernel: core: Using 10 MCE banks
Mar  3 21:46:27 localhost kernel: AVX2 version of gcm_enc/dec engaged.
Mar  3 21:46:27 localhost kernel: AES CTR mode by8 optimization enabled
Mar  3 21:46:27 localhost kernel: sched_clock: Marking stable (1699681105, 0)->(2231807483, -532126378)
Mar  3 21:46:27 localhost kernel: registered taskstats version 1
Mar  3 21:46:27 localhost kernel: Loading compiled-in X.509 certificates
Mar  3 21:46:27 localhost kernel: Loaded X.509 cert 'Red Hat Enterprise Linux kernel signing key: 2a5479ea3203c06a3ee15b5d83b77c78b66f3461'
Mar  3 21:46:27 localhost kernel: Loaded X.509 cert 'Red Hat Enterprise Linux Driver Update Program (key 3): bf57f3e87362bc7229d9f465321773dfd1f77a80'
Mar  3 21:46:27 localhost kernel: Loaded X.509 cert 'Red Hat Enterprise Linux kpatch signing key: 4d38fd864ebe18c5f0b72e3852e2014c3a676fc8'
Mar  3 21:46:27 localhost kernel: zswap: loaded using pool lzo/zbud
Mar  3 21:46:27 localhost kernel: Key type big_key registered
Mar  3 21:46:27 localhost kernel: Key type encrypted registered
Mar  3 21:46:27 localhost kernel: ima: No TPM chip found, activating TPM-bypass!
Mar  3 21:46:27 localhost kernel: ima: Allocated hash algorithm: sha1
Mar  3 21:46:27 localhost kernel: evm: Initialising EVM extended attributes:
Mar  3 21:46:27 localhost kernel: evm: security.selinux
Mar  3 21:46:27 localhost kernel: evm: security.ima
Mar  3 21:46:27 localhost kernel: evm: security.capability
Mar  3 21:46:27 localhost kernel: evm: HMAC attrs: 0x1
Mar  3 21:46:27 localhost kernel: rtc_cmos 00:00: setting system clock to 2020-03-04 02:46:26 UTC (1583289986)
Mar  3 21:46:27 localhost kernel: usb 1-1: new high-speed USB device number 2 using ehci-pci
Mar  3 21:46:27 localhost kernel: usb 1-1: New USB device found, idVendor=0627, idProduct=0001, bcdDevice= 0.00
Mar  3 21:46:27 localhost kernel: usb 1-1: New USB device strings: Mfr=1, Product=3, SerialNumber=5
Mar  3 21:46:27 localhost kernel: usb 1-1: Product: QEMU USB Tablet
Mar  3 21:46:27 localhost kernel: usb 1-1: Manufacturer: QEMU
Mar  3 21:46:27 localhost kernel: usb 1-1: SerialNumber: 42
Mar  3 21:46:27 localhost kernel: input: QEMU QEMU USB Tablet as /devices/pci0000:00/0000:00:06.7/usb1/1-1/1-1:1.0/0003:0627:0001.0001/input/input5
Mar  3 21:46:27 localhost kernel: hid-generic 0003:0627:0001.0001: input,hidraw0: USB HID v0.01 Mouse [QEMU QEMU USB Tablet] on usb-0000:00:06.7-1/input0
Mar  3 21:46:27 localhost kernel: Freeing unused decrypted memory: 2040K
Mar  3 21:46:27 localhost kernel: Freeing unused kernel memory: 2368K
Mar  3 21:46:27 localhost kernel: Write protecting the kernel read-only data: 18432k
Mar  3 21:46:27 localhost kernel: Freeing unused kernel memory: 2020K
Mar  3 21:46:27 localhost kernel: Freeing unused kernel memory: 316K
Mar  3 21:46:27 localhost systemd[1]: systemd 239 running in system mode. (+PAM +AUDIT +SELINUX +IMA -APPARMOR +SMACK +SYSVINIT +UTMP +LIBCRYPTSETUP +GCRYPT +GNUTLS +ACL +XZ +LZ4 +SECCOMP +BLKID +ELFUTILS +KMOD +IDN2 -IDN +PCRE2 default-hierarchy=legacy)
Mar  3 21:46:27 localhost systemd[1]: Detected virtualization kvm.
Mar  3 21:46:27 localhost systemd[1]: Detected architecture x86-64.
Mar  3 21:46:27 localhost systemd[1]: Running in initial RAM disk.
Mar  3 21:46:27 localhost systemd[1]: Set hostname to <localhost.localdomain>.
Mar  3 21:46:27 localhost systemd[1]: Listening on udev Kernel Socket.
Mar  3 21:46:27 localhost systemd[1]: Listening on Journal Socket (/dev/log).
Mar  3 21:46:27 localhost systemd[1]: Reached target Slices.
Mar  3 21:46:27 localhost systemd[1]: Reached target Local File Systems.
Mar  3 21:46:27 localhost systemd[1]: Listening on udev Control Socket.
Mar  3 21:46:27 localhost systemd-journald[240]: Journal started
Mar  3 21:46:27 localhost systemd-journald[240]: Runtime journal (/run/log/journal/84047b4cff36437eb8209baa78d1ef3c) is 8.0M, max 1.1G, 1.1G free.
Mar  3 21:46:27 localhost rngd[237]: Initalizing available sources
Mar  3 21:46:27 localhost rngd[237]: Initalizing entropy source hwrng
Mar  3 21:46:27 localhost rngd[237]: Enabling RDSEED rng support
Mar  3 21:46:27 localhost rngd[237]: Initalizing entropy source rdrand
Mar  3 21:46:27 localhost systemd[1]: Started Setup Virtual Console.
Mar  3 21:46:27 localhost systemd[1]: Starting dracut cmdline hook...
Mar  3 21:46:27 localhost dracut-cmdline[257]: dracut-8.1 (Ootpa) dracut-049-27.git20190906.el8
Mar  3 21:46:27 localhost dracut-cmdline[257]: Using kernel command line parameters: BOOT_IMAGE=(hd0,msdos1)/boot/vmlinuz-4.18.0-147.el8.x86_64 root=UUID=f7614c41-2835-4125-bb13-50772dc2f30c ro console=ttyS0 console=ttyS0,115200n8 no_timer_check net.ifnames=0 crashkernel=auto
Mar  3 21:46:27 localhost systemd[1]: Started dracut cmdline hook.
Mar  3 21:46:27 localhost systemd[1]: Starting dracut pre-udev hook...
Mar  3 21:46:27 localhost systemd[1]: Started dracut pre-udev hook.
Mar  3 21:46:27 localhost systemd[1]: Starting udev Kernel Device Manager...
Mar  3 21:46:27 localhost systemd-udevd[344]: Network interface NamePolicy= disabled on kernel command line, ignoring.
Mar  3 21:46:27 localhost systemd[1]: Started udev Kernel Device Manager.
Mar  3 21:46:27 localhost systemd[1]: Starting udev Coldplug all Devices...
Mar  3 21:46:27 localhost systemd[1]: Mounting Kernel Configuration File System...
Mar  3 21:46:27 localhost systemd[1]: Mounted Kernel Configuration File System.
Mar  3 21:46:27 localhost systemd[1]: Started udev Coldplug all Devices.
Mar  3 21:46:27 localhost systemd[1]: Starting dracut initqueue hook...
Mar  3 21:46:27 localhost systemd[1]: Reached target System Initialization.
Mar  3 21:46:27 localhost systemd[1]: Reached target Basic System.
Mar  3 21:46:27 localhost kernel: virtio_blk virtio4: [vda] 209715200 512-byte logical blocks (107 GB/100 GiB)
Mar  3 21:46:27 localhost kernel: vda: vda1
Mar  3 21:46:28 localhost kernel: scsi host0: ata_piix
Mar  3 21:46:28 localhost kernel: scsi host1: ata_piix
Mar  3 21:46:28 localhost kernel: ata1: PATA max MWDMA2 cmd 0x1f0 ctl 0x3f6 bmdma 0xc180 irq 14
Mar  3 21:46:28 localhost kernel: ata2: PATA max MWDMA2 cmd 0x170 ctl 0x376 bmdma 0xc188 irq 15
Mar  3 21:46:28 localhost systemd-udevd[385]: link_config: autonegotiation is unset or enabled, the speed and duplex are not writable.
Mar  3 21:46:28 localhost systemd-udevd[389]: link_config: autonegotiation is unset or enabled, the speed and duplex are not writable.
Mar  3 21:46:28 localhost systemd-udevd[380]: link_config: autonegotiation is unset or enabled, the speed and duplex are not writable.
Mar  3 21:46:28 localhost systemd-udevd[372]: link_config: autonegotiation is unset or enabled, the speed and duplex are not writable.
Mar  3 21:46:28 localhost systemd[1]: Found device /dev/disk/by-uuid/f7614c41-2835-4125-bb13-50772dc2f30c.
Mar  3 21:46:28 localhost systemd[1]: Reached target Initrd Root Device.
Mar  3 21:46:28 localhost systemd[1]: Started dracut initqueue hook.
Mar  3 21:46:28 localhost systemd[1]: Reached target Remote File Systems (Pre).
Mar  3 21:46:28 localhost systemd[1]: Reached target Remote File Systems.
Mar  3 21:46:28 localhost systemd[1]: Starting File System Check on /dev/disk/by-uuid/f7614c41-2835-4125-bb13-50772dc2f30c...
Mar  3 21:46:28 localhost systemd-fsck[997]: /usr/sbin/fsck.xfs: XFS file system.
Mar  3 21:46:28 localhost systemd[1]: Started File System Check on /dev/disk/by-uuid/f7614c41-2835-4125-bb13-50772dc2f30c.
Mar  3 21:46:28 localhost systemd[1]: Mounting /sysroot...
Mar  3 21:46:28 localhost kernel: SGI XFS with ACLs, security attributes, no debug enabled
Mar  3 21:46:28 localhost kernel: XFS (vda1): Mounting V5 Filesystem
Mar  3 21:46:28 localhost systemd[1]: Mounted /sysroot.
Mar  3 21:46:28 localhost kernel: XFS (vda1): Ending clean mount
Mar  3 21:46:28 localhost systemd[1]: Reached target Initrd Root File System.
Mar  3 21:46:28 localhost systemd[1]: Starting Reload Configuration from the Real Root...
Mar  3 21:46:28 localhost systemd[1]: Reloading.
Mar  3 21:46:29 localhost systemd[1]: Started Reload Configuration from the Real Root.
Mar  3 21:46:29 localhost systemd[1]: Reached target Initrd File Systems.
Mar  3 21:46:29 localhost systemd[1]: Reached target Initrd Default Target.
Mar  3 21:46:29 localhost systemd[1]: Starting dracut pre-pivot and cleanup hook...
Mar  3 21:46:29 localhost rngd[237]: Enabling JITTER rng support
Mar  3 21:46:29 localhost rngd[237]: Initalizing entropy source jitter
Mar  3 21:46:29 localhost systemd[1]: Started dracut pre-pivot and cleanup hook.
Mar  3 21:46:29 localhost systemd[1]: Starting Cleaning Up and Shutting Down Daemons...
Mar  3 21:46:29 localhost systemd[1]: Stopped target Timers.
Mar  3 21:46:29 localhost systemd[1]: Stopped dracut pre-pivot and cleanup hook.
Mar  3 21:46:29 localhost systemd[1]: Stopped target Initrd Default Target.
Mar  3 21:46:29 localhost systemd[1]: Stopped target Initrd Root Device.
Mar  3 21:46:29 localhost systemd[1]: Stopped target Basic System.
Mar  3 21:46:29 localhost systemd[1]: Stopped target Paths.
Mar  3 21:46:29 localhost systemd[1]: Stopped target Sockets.
Mar  3 21:46:29 localhost systemd[1]: Stopped target Slices.
Mar  3 21:46:29 localhost systemd[1]: Stopped target Remote File Systems.
Mar  3 21:46:29 localhost systemd[1]: Stopped Dispatch Password Requests to Console Directory Watch.
Mar  3 21:46:29 localhost systemd[1]: Stopped target Remote File Systems (Pre).
Mar  3 21:46:29 localhost systemd[1]: Stopped dracut initqueue hook.
Mar  3 21:46:29 localhost systemd[1]: Stopped target System Initialization.
Mar  3 21:46:29 localhost systemd[1]: Stopped Create Volatile Files and Directories.
Mar  3 21:46:29 localhost systemd[1]: Stopped target Swap.
Mar  3 21:46:29 localhost systemd[1]: Stopped Apply Kernel Variables.
Mar  3 21:46:29 localhost systemd[1]: Stopped udev Coldplug all Devices.
Mar  3 21:46:29 localhost systemd[1]: Stopped target Local File Systems.
Mar  3 21:46:29 localhost systemd[1]: Stopping udev Kernel Device Manager...
Mar  3 21:46:29 localhost systemd[1]: Started Cleaning Up and Shutting Down Daemons.
Mar  3 21:46:29 localhost systemd[1]: Stopped udev Kernel Device Manager.
Mar  3 21:46:29 localhost systemd[1]: Stopping Hardware RNG Entropy Gatherer Daemon...
Mar  3 21:46:29 localhost systemd[1]: Stopped dracut pre-udev hook.
Mar  3 21:46:29 localhost systemd[1]: Stopped dracut cmdline hook.
Mar  3 21:46:29 localhost systemd[1]: Stopped Create Static Device Nodes in /dev.
Mar  3 21:46:29 localhost systemd[1]: Stopped Create list of required static device nodes for the current kernel.
Mar  3 21:46:29 localhost systemd[1]: Closed udev Kernel Socket.
Mar  3 21:46:29 localhost systemd[1]: Closed udev Control Socket.
Mar  3 21:46:29 localhost systemd[1]: Starting Cleanup udevd DB...
Mar  3 21:46:29 localhost systemd[1]: Stopped Hardware RNG Entropy Gatherer Daemon.
Mar  3 21:46:29 localhost systemd[1]: Started Cleanup udevd DB.
Mar  3 21:46:29 localhost systemd[1]: Reached target Switch Root.
Mar  3 21:46:29 localhost systemd[1]: Starting Switch Root...
Mar  3 21:46:29 localhost systemd[1]: Switching root.
Mar  3 21:46:29 localhost systemd-journald[240]: Journal stopped
Mar  3 21:46:30 localhost systemd-journald[240]: Received SIGTERM from PID 1 (systemd).
Mar  3 21:46:30 localhost kernel: systemd: 18 output lines suppressed due to ratelimiting
Mar  3 21:46:30 localhost kernel: audit: type=1404 audit(1583289989.333:2): enforcing=1 old_enforcing=0 auid=4294967295 ses=4294967295 enabled=1 old-enabled=1 lsm=selinux res=1
Mar  3 21:46:30 localhost kernel: SELinux:  policy capability network_peer_controls=1
Mar  3 21:46:30 localhost kernel: SELinux:  policy capability open_perms=1
Mar  3 21:46:30 localhost kernel: SELinux:  policy capability extended_socket_class=1
Mar  3 21:46:30 localhost kernel: SELinux:  policy capability always_check_network=0
Mar  3 21:46:30 localhost kernel: SELinux:  policy capability cgroup_seclabel=1
Mar  3 21:46:30 localhost kernel: SELinux:  policy capability nnp_nosuid_transition=1
Mar  3 21:46:30 localhost kernel: audit: type=1403 audit(1583289989.793:3): auid=4294967295 ses=4294967295 lsm=selinux res=1
Mar  3 21:46:30 localhost systemd[1]: Successfully loaded SELinux policy in 462.659ms.
Mar  3 21:46:30 localhost systemd[1]: Failed to insert module 'ip_tables': Operation not permitted
Mar  3 21:46:30 localhost systemd[1]: Relabelled /dev, /run and /sys/fs/cgroup in 22.109ms.
Mar  3 21:46:30 localhost systemd[1]: systemd 239 running in system mode. (+PAM +AUDIT +SELINUX +IMA -APPARMOR +SMACK +SYSVINIT +UTMP +LIBCRYPTSETUP +GCRYPT +GNUTLS +ACL +XZ +LZ4 +SECCOMP +BLKID +ELFUTILS +KMOD +IDN2 -IDN +PCRE2 default-hierarchy=legacy)
Mar  3 21:46:30 localhost systemd[1]: Detected virtualization kvm.
Mar  3 21:46:30 localhost systemd[1]: Detected architecture x86-64.
Mar  3 21:46:30 localhost systemd[1]: Set hostname to <localhost.localdomain>.
Mar  3 21:46:30 localhost systemd[1]: Stopped Switch Root.
Mar  3 21:46:30 localhost systemd[1]: systemd-journald.service: Service has no hold-off time (RestartSec=0), scheduling restart.
Mar  3 21:46:30 localhost systemd[1]: systemd-journald.service: Scheduled restart job, restart counter is at 1.
Mar  3 21:46:30 localhost systemd[1]: Stopped Journal Service.
Mar  3 21:46:30 localhost systemd[1]: Starting Journal Service...
Mar  3 21:46:30 localhost systemd[1]: Reached target Swap.
Mar  3 21:46:30 localhost systemd-journald[1111]: Journal started
Mar  3 21:46:30 localhost systemd-journald[1111]: Runtime journal (/run/log/journal/4a1725b33324bd7c8e4d70733acbf218) is 8.0M, max 1.1G, 1.1G free.
Mar  3 21:46:30 localhost systemd-tmpfiles[1137]: [/usr/lib/tmpfiles.d/subscription-manager.conf:1] Line references path below legacy directory /var/run/, updating /var/run/rhsm → /run/rhsm; please update the tmpfiles.d/ drop-in file accordingly.
Mar  3 21:46:30 localhost systemd[1]: Starting Flush Journal to Persistent Storage...
Mar  3 21:46:30 localhost systemd-journald[1111]: Runtime journal (/run/log/journal/4a1725b33324bd7c8e4d70733acbf218) is 8.0M, max 1.1G, 1.1G free.
Mar  3 21:46:30 localhost systemd[1]: Started Rebuild Hardware Database.
Mar  3 21:46:30 localhost systemd[1]: Starting Update is Completed...
Mar  3 21:46:30 localhost systemd[1]: Starting udev Kernel Device Manager...
Mar  3 21:46:30 localhost systemd[1]: Started Flush Journal to Persistent Storage.
Mar  3 21:46:30 localhost systemd[1]: Starting Create Volatile Files and Directories...
Mar  3 21:46:30 localhost systemd[1]: Started Update is Completed.
Mar  3 21:46:30 localhost systemd-tmpfiles[1168]: [/usr/lib/tmpfiles.d/subscription-manager.conf:1] Line references path below legacy directory /var/run/, updating /var/run/rhsm → /run/rhsm; please update the tmpfiles.d/ drop-in file accordingly.
Mar  3 21:46:30 localhost systemd[1]: Started Create Volatile Files and Directories.
Mar  3 21:46:30 localhost systemd[1]: Starting RPC Bind...
Mar  3 21:46:30 localhost systemd[1]: Mounting RPC Pipe File System...
Mar  3 21:46:30 localhost systemd[1]: Starting Security Auditing Service...
Mar  3 21:46:30 localhost auditd[1175]: audit dispatcher initialized with q_depth=400 and 1 active plugins
Mar  3 21:46:30 localhost auditd[1175]: Init complete, auditd 3.0 listening for events (startup state enable)
Mar  3 21:46:30 localhost systemd[1]: Started RPC Bind.
Mar  3 21:46:30 localhost augenrules[1180]: /sbin/augenrules: No change
Mar  3 21:46:30 localhost augenrules[1180]: No rules
Mar  3 21:46:30 localhost augenrules[1180]: enabled 1
Mar  3 21:46:30 localhost augenrules[1180]: failure 1
Mar  3 21:46:30 localhost augenrules[1180]: pid 1175
Mar  3 21:46:30 localhost augenrules[1180]: rate_limit 0
Mar  3 21:46:30 localhost augenrules[1180]: backlog_limit 8192
Mar  3 21:46:30 localhost augenrules[1180]: lost 0
Mar  3 21:46:30 localhost augenrules[1180]: backlog 0
Mar  3 21:46:30 localhost augenrules[1180]: backlog_wait_time 60000
Mar  3 21:46:30 localhost augenrules[1180]: enabled 1
Mar  3 21:46:30 localhost augenrules[1180]: failure 1
Mar  3 21:46:30 localhost augenrules[1180]: pid 1175
Mar  3 21:46:30 localhost augenrules[1180]: rate_limit 0
Mar  3 21:46:30 localhost augenrules[1180]: backlog_limit 8192
Mar  3 21:46:30 localhost augenrules[1180]: lost 0
Mar  3 21:46:30 localhost augenrules[1180]: backlog 0
Mar  3 21:46:30 localhost augenrules[1180]: backlog_wait_time 60000
Mar  3 21:46:30 localhost augenrules[1180]: enabled 1
Mar  3 21:46:30 localhost augenrules[1180]: failure 1
Mar  3 21:46:30 localhost augenrules[1180]: pid 1175
Mar  3 21:46:30 localhost augenrules[1180]: rate_limit 0
Mar  3 21:46:30 localhost augenrules[1180]: backlog_limit 8192
Mar  3 21:46:30 localhost augenrules[1180]: lost 0
Mar  3 21:46:30 localhost augenrules[1180]: backlog 0
Mar  3 21:46:30 localhost augenrules[1180]: backlog_wait_time 60000
Mar  3 21:46:30 localhost kernel: RPC: Registered named UNIX socket transport module.
Mar  3 21:46:30 localhost kernel: RPC: Registered udp transport module.
Mar  3 21:46:30 localhost kernel: RPC: Registered tcp transport module.
Mar  3 21:46:30 localhost kernel: RPC: Registered tcp NFSv4.1 backchannel transport module.
Mar  3 21:46:30 localhost systemd[1]: Mounted RPC Pipe File System.
Mar  3 21:46:30 localhost systemd[1]: Started Security Auditing Service.
Mar  3 21:46:30 localhost systemd[1]: Starting Update UTMP about System Boot/Shutdown...
Mar  3 21:46:30 localhost systemd[1]: Reached target rpc_pipefs.target.
Mar  3 21:46:30 localhost systemd[1]: Started Update UTMP about System Boot/Shutdown.
Mar  3 21:46:30 localhost systemd-udevd[1166]: Network interface NamePolicy= disabled on kernel command line, ignoring.
Mar  3 21:46:30 localhost systemd[1]: Started udev Kernel Device Manager.
Mar  3 21:46:30 localhost systemd[1]: Reached target System Initialization.
Mar  3 21:46:30 localhost systemd[1]: Started dnf makecache --timer.
Mar  3 21:46:30 localhost systemd[1]: Listening on D-Bus System Message Bus Socket.
Mar  3 21:46:30 localhost systemd[1]: Listening on SSSD Kerberos Cache Manager responder socket.
Mar  3 21:46:30 localhost systemd[1]: Reached target Sockets.
Mar  3 21:46:30 localhost systemd[1]: Reached target Basic System.
Mar  3 21:46:30 localhost systemd[1]: Starting GSSAPI Proxy Daemon...
Mar  3 21:46:30 localhost systemd[1]: Started D-Bus System Message Bus.
Mar  3 21:46:30 localhost systemd[1]: Starting OpenSSH rsa Server Key Generation...
Mar  3 21:46:30 localhost systemd[1]: Starting OpenSSH ecdsa Server Key Generation...
Mar  3 21:46:30 localhost systemd[1]: Started irqbalance daemon.
Mar  3 21:46:30 localhost systemd[1]: Starting System Security Services Daemon...
Mar  3 21:46:30 localhost systemd[1]: Starting OpenSSH ed25519 Server Key Generation...
Mar  3 21:46:30 localhost systemd[1]: Started daily update of the root trust anchor for DNSSEC.
Mar  3 21:46:30 localhost systemd[1]: Starting Network Manager...
Mar  3 21:46:30 localhost systemd[1]: Started Daily Cleanup of Temporary Directories.
Mar  3 21:46:30 localhost systemd[1]: Reached target Timers.
Mar  3 21:46:30 localhost systemd[1]: Starting Authorization Manager...
Mar  3 21:46:30 localhost systemd[1]: Started Hardware RNG Entropy Gatherer Daemon.
Mar  3 21:46:30 localhost systemd[1]: Starting NTP client/server...
Mar  3 21:46:30 localhost systemd[1]: Started GSSAPI Proxy Daemon.
Mar  3 21:46:30 localhost systemd[1]: Reached target NFS client services.
Mar  3 21:46:30 localhost kernel: piix4_smbus 0000:00:01.3: SMBus Host Controller at 0x700, revision 0
Mar  3 21:46:30 localhost systemd[1]: Reached target Remote File Systems (Pre).
Mar  3 21:46:30 localhost systemd[1]: Reached target Remote File Systems.
Mar  3 21:46:30 localhost rngd[1248]: Initalizing available sources
Mar  3 21:46:30 localhost rngd[1248]: Initalizing entropy source hwrng
Mar  3 21:46:30 localhost rngd[1248]: Enabling RDSEED rng support
Mar  3 21:46:30 localhost rngd[1248]: Initalizing entropy source rdrand
Mar  3 21:46:30 localhost systemd[1]: Started QEMU Guest Agent.
Mar  3 21:46:30 localhost systemd-udevd[1227]: link_config: autonegotiation is unset or enabled, the speed and duplex are not writable.
Mar  3 21:46:30 localhost kernel: input: PC Speaker as /devices/platform/pcspkr/input/input6
Mar  3 21:46:30 localhost systemd-udevd[1204]: link_config: autonegotiation is unset or enabled, the speed and duplex are not writable.
Mar  3 21:46:30 localhost chronyd[1254]: chronyd version 3.5 starting (+CMDMON +NTP +REFCLOCK +RTC +PRIVDROP +SCFILTER +SIGND +ASYNCDNS +SECHASH +IPV6 +DEBUG)
Mar  3 21:46:30 localhost NetworkManager[1240]: <info>  [1583289990.5936] NetworkManager (version 1.20.0-3.el8) is starting... (for the first time)
Mar  3 21:46:30 localhost NetworkManager[1240]: <info>  [1583289990.5939] Read config: /etc/NetworkManager/NetworkManager.conf
Mar  3 21:46:30 localhost chronyd[1254]: Using right/UTC timezone to obtain leap second data
Mar  3 21:46:30 localhost systemd[1]: Started Network Manager.
Mar  3 21:46:30 localhost NetworkManager[1240]: <info>  [1583289990.6039] bus-manager: acquired D-Bus service "org.freedesktop.NetworkManager"
Mar  3 21:46:30 localhost polkitd[1244]: Started polkitd version 0.115
Mar  3 21:46:30 localhost systemd[1]: Starting Network Manager Wait Online...
Mar  3 21:46:30 localhost systemd[1]: Reached target Network.
Mar  3 21:46:30 localhost systemd[1]: Starting Dynamic System Tuning Daemon...
Mar  3 21:46:30 localhost systemd[1]: Started OpenSSH ed25519 Server Key Generation.
Mar  3 21:46:30 localhost NetworkManager[1240]: <info>  [1583289990.6127] manager[0x56065ca240a0]: monitoring kernel firmware directory '/lib/firmware'.
Mar  3 21:46:30 localhost systemd-udevd[1205]: link_config: autonegotiation is unset or enabled, the speed and duplex are not writable.
Mar  3 21:46:30 localhost dbus-daemon[1219]: [system] Activating via systemd: service name='org.freedesktop.hostname1' unit='dbus-org.freedesktop.hostname1.service' requested by ':1.1' (uid=0 pid=1240 comm="/usr/sbin/NetworkManager --no-daemon " label="system_u:system_r:NetworkManager_t:s0")
Mar  3 21:46:30 localhost sssd[1233]: Starting up
Mar  3 21:46:30 localhost systemd[1]: Starting Hostname Service...
Mar  3 21:46:30 localhost systemd[1]: Started OpenSSH ecdsa Server Key Generation.
Mar  3 21:46:30 localhost systemd[1]: Started NTP client/server.
Mar  3 21:46:30 localhost systemd[1]: Started Authorization Manager.
Mar  3 21:46:30 localhost sssd[be[implicit_files]][1334]: Starting up
Mar  3 21:46:30 localhost kernel: cirrus 0000:00:02.0: vgaarb: deactivate vga console
Mar  3 21:46:30 localhost kernel: Console: switching to colour dummy device 80x25
Mar  3 21:46:30 localhost sssd[nss][1435]: Starting up
Mar  3 21:46:30 localhost kernel: [TTM] Zone  kernel: Available graphics memory: 12257120 kiB
Mar  3 21:46:30 localhost kernel: [TTM] Zone   dma32: Available graphics memory: 2097152 kiB
Mar  3 21:46:30 localhost kernel: [TTM] Initializing pool allocator
Mar  3 21:46:30 localhost kernel: [TTM] Initializing DMA pool allocator
Mar  3 21:46:30 localhost kernel: [drm] fb mappable at 0xFC000000
Mar  3 21:46:30 localhost kernel: [drm] vram aper at 0xFC000000
Mar  3 21:46:30 localhost kernel: [drm] size 33554432
Mar  3 21:46:30 localhost kernel: [drm] fb depth is 16
Mar  3 21:46:30 localhost kernel: [drm]    pitch is 2048
Mar  3 21:46:30 localhost kernel: fbcon: cirrusdrmfb (fb0) is primary device
Mar  3 21:46:30 localhost kernel: Console: switching to colour frame buffer device 128x48
Mar  3 21:46:30 localhost kernel: cirrus 0000:00:02.0: fb0: cirrusdrmfb frame buffer device
Mar  3 21:46:30 localhost kernel: [drm] Initialized cirrus 1.0.0 20110418 for 0000:00:02.0 on minor 0
Mar  3 21:46:30 localhost systemd[1]: Started System Security Services Daemon.
Mar  3 21:46:30 localhost systemd[1]: Reached target User and Group Name Lookups.
Mar  3 21:46:30 localhost systemd[1]: Starting Login Service...
Mar  3 21:46:30 localhost systemd[1]: Starting Permit User Sessions...
Mar  3 21:46:30 localhost systemd[1]: Started OpenSSH rsa Server Key Generation.
Mar  3 21:46:30 localhost systemd[1]: Reached target sshd-keygen.target.
Mar  3 21:46:30 localhost systemd[1]: Starting OpenSSH server daemon...
Mar  3 21:46:30 localhost systemd[1]: Started Permit User Sessions.
Mar  3 21:46:30 localhost systemd[1]: Started Serial Getty on ttyS0.
Mar  3 21:46:30 localhost systemd[1]: Started Getty on tty1.
Mar  3 21:46:30 localhost systemd[1]: Reached target Login Prompts.
Mar  3 21:46:30 localhost systemd[1]: Started Command Scheduler.
Mar  3 21:46:30 localhost systemd[1]: Started OpenSSH server daemon.
Mar  3 21:46:31 localhost kernel: EDAC sbridge:  Ver: 1.1.2 
Mar  3 21:46:31 localhost dbus-daemon[1219]: [system] Successfully activated service 'org.freedesktop.hostname1'
Mar  3 21:46:31 localhost systemd[1]: Started Hostname Service.
Mar  3 21:46:31 localhost NetworkManager[1240]: <info>  [1583289991.1344] hostname: hostname: using hostnamed
Mar  3 21:46:31 localhost NetworkManager[1240]: <info>  [1583289991.1346] hostname: hostname changed from (none) to "localhost.localdomain"
Mar  3 21:46:31 localhost NetworkManager[1240]: <info>  [1583289991.1350] dns-mgr[0x56065ca08250]: init: dns=default,systemd-resolved rc-manager=symlink
Mar  3 21:46:31 localhost NetworkManager[1240]: <info>  [1583289991.1391] Loaded device plugin: NMTeamFactory (/usr/lib64/NetworkManager/1.20.0-3.el8/libnm-device-plugin-team.so)
Mar  3 21:46:31 localhost NetworkManager[1240]: <info>  [1583289991.1391] manager: rfkill: Wi-Fi enabled by radio killswitch; enabled by state file
Mar  3 21:46:31 localhost NetworkManager[1240]: <info>  [1583289991.1392] manager: rfkill: WWAN enabled by radio killswitch; enabled by state file
Mar  3 21:46:31 localhost NetworkManager[1240]: <info>  [1583289991.1393] manager: Networking is enabled by state file
Mar  3 21:46:31 localhost NetworkManager[1240]: <info>  [1583289991.1393] dhcp-init: Using DHCP client 'internal'
Mar  3 21:46:31 localhost dbus-daemon[1219]: [system] Activating via systemd: service name='org.freedesktop.nm_dispatcher' unit='dbus-org.freedesktop.nm-dispatcher.service' requested by ':1.1' (uid=0 pid=1240 comm="/usr/sbin/NetworkManager --no-daemon " label="system_u:system_r:NetworkManager_t:s0")
Mar  3 21:46:31 localhost NetworkManager[1240]: <info>  [1583289991.1405] settings: Loaded settings plugin: ifcfg-rh ("/usr/lib64/NetworkManager/1.20.0-3.el8/libnm-settings-plugin-ifcfg-rh.so")
Mar  3 21:46:31 localhost NetworkManager[1240]: <info>  [1583289991.1405] settings: Loaded settings plugin: keyfile (internal)
Mar  3 21:46:31 localhost systemd[1]: Starting Network Manager Script Dispatcher Service...
Mar  3 21:46:31 localhost NetworkManager[1240]: <info>  [1583289991.1457] device (lo): carrier: link connected
Mar  3 21:46:31 localhost NetworkManager[1240]: <info>  [1583289991.1460] manager: (lo): new Generic device (/org/freedesktop/NetworkManager/Devices/1)
Mar  3 21:46:31 localhost NetworkManager[1240]: <info>  [1583289991.1469] manager: (eth0): new Ethernet device (/org/freedesktop/NetworkManager/Devices/2)
Mar  3 21:46:31 localhost NetworkManager[1240]: <info>  [1583289991.1478] device (eth0): state change: unmanaged -> unavailable (reason 'managed', sys-iface-state: 'external')
Mar  3 21:46:31 localhost kernel: IPv6: ADDRCONF(NETDEV_UP): eth0: link is not ready
Mar  3 21:46:31 localhost NetworkManager[1240]: <info>  [1583289991.1506] device (eth0): carrier: link connected
Mar  3 21:46:31 localhost NetworkManager[1240]: <info>  [1583289991.1523] manager: (eth2): new Ethernet device (/org/freedesktop/NetworkManager/Devices/3)
Mar  3 21:46:31 localhost NetworkManager[1240]: <info>  [1583289991.1530] device (eth2): state change: unmanaged -> unavailable (reason 'managed', sys-iface-state: 'external')
Mar  3 21:46:31 localhost kernel: IPv6: ADDRCONF(NETDEV_UP): eth2: link is not ready
Mar  3 21:46:31 localhost NetworkManager[1240]: <info>  [1583289991.1615] device (eth2): carrier: link connected
Mar  3 21:46:31 localhost NetworkManager[1240]: <info>  [1583289991.1632] manager: (eth1): new Ethernet device (/org/freedesktop/NetworkManager/Devices/4)
Mar  3 21:46:31 localhost NetworkManager[1240]: <info>  [1583289991.1783] device (eth1): state change: unmanaged -> unavailable (reason 'managed', sys-iface-state: 'external')
Mar  3 21:46:31 localhost kernel: IPv6: ADDRCONF(NETDEV_UP): eth1: link is not ready
Mar  3 21:46:31 localhost NetworkManager[1240]: <info>  [1583289991.1808] device (eth1): carrier: link connected
Mar  3 21:46:31 localhost NetworkManager[1240]: <info>  [1583289991.1820] device (eth0): state change: unavailable -> disconnected (reason 'none', sys-iface-state: 'managed')
Mar  3 21:46:31 localhost NetworkManager[1240]: <info>  [1583289991.1827] device (eth2): state change: unavailable -> disconnected (reason 'none', sys-iface-state: 'managed')
Mar  3 21:46:31 localhost NetworkManager[1240]: <info>  [1583289991.1923] policy: auto-activating connection 'System eth0' (5fb06bd0-0bb0-7ffb-45f1-d6edd65f3e03)
Mar  3 21:46:31 localhost NetworkManager[1240]: <info>  [1583289991.1927] policy: auto-activating connection 'System eth2' (3a73717e-65ab-93e8-b518-24f5af32dc0d)
Mar  3 21:46:31 localhost NetworkManager[1240]: <info>  [1583289991.1930] device (eth1): state change: unavailable -> disconnected (reason 'none', sys-iface-state: 'managed')
Mar  3 21:46:31 localhost NetworkManager[1240]: <info>  [1583289991.1941] device (eth0): Activation: starting connection 'System eth0' (5fb06bd0-0bb0-7ffb-45f1-d6edd65f3e03)
Mar  3 21:46:31 localhost NetworkManager[1240]: <info>  [1583289991.1943] device (eth2): Activation: starting connection 'System eth2' (3a73717e-65ab-93e8-b518-24f5af32dc0d)
Mar  3 21:46:31 localhost NetworkManager[1240]: <info>  [1583289991.1943] policy: auto-activating connection 'System eth1' (9c92fad9-6ecb-3e6c-eb4d-8a47c6f50c04)
Mar  3 21:46:31 localhost NetworkManager[1240]: <info>  [1583289991.1948] device (eth0): state change: disconnected -> prepare (reason 'none', sys-iface-state: 'managed')
Mar  3 21:46:31 localhost NetworkManager[1240]: <info>  [1583289991.1951] manager: NetworkManager state is now CONNECTING
Mar  3 21:46:31 localhost NetworkManager[1240]: <info>  [1583289991.1953] device (eth2): state change: disconnected -> prepare (reason 'none', sys-iface-state: 'managed')
Mar  3 21:46:31 localhost NetworkManager[1240]: <info>  [1583289991.1958] device (eth1): Activation: starting connection 'System eth1' (9c92fad9-6ecb-3e6c-eb4d-8a47c6f50c04)
Mar  3 21:46:31 localhost NetworkManager[1240]: <info>  [1583289991.1958] device (eth0): state change: prepare -> config (reason 'none', sys-iface-state: 'managed')
Mar  3 21:46:31 localhost NetworkManager[1240]: <info>  [1583289991.1962] device (eth2): state change: prepare -> config (reason 'none', sys-iface-state: 'managed')
Mar  3 21:46:31 localhost NetworkManager[1240]: <info>  [1583289991.1966] device (eth1): state change: disconnected -> prepare (reason 'none', sys-iface-state: 'managed')
Mar  3 21:46:31 localhost NetworkManager[1240]: <info>  [1583289991.1971] device (eth1): state change: prepare -> config (reason 'none', sys-iface-state: 'managed')
Mar  3 21:46:31 localhost NetworkManager[1240]: <info>  [1583289991.1974] device (eth0): state change: config -> ip-config (reason 'none', sys-iface-state: 'managed')
Mar  3 21:46:31 localhost NetworkManager[1240]: <info>  [1583289991.1978] dhcp4 (eth0): activation: beginning transaction (timeout in 45 seconds)
Mar  3 21:46:31 localhost dbus-daemon[1219]: [system] Successfully activated service 'org.freedesktop.nm_dispatcher'
Mar  3 21:46:31 localhost systemd[1]: Started Network Manager Script Dispatcher Service.
Mar  3 21:46:31 localhost NetworkManager[1240]: <info>  [1583289991.2018] device (eth2): state change: config -> ip-config (reason 'none', sys-iface-state: 'managed')
Mar  3 21:46:31 localhost NetworkManager[1240]: <info>  [1583289991.2020] dhcp4 (eth2): activation: beginning transaction (timeout in 45 seconds)
Mar  3 21:46:31 localhost NetworkManager[1240]: <info>  [1583289991.2109] device (eth1): state change: config -> ip-config (reason 'none', sys-iface-state: 'managed')
Mar  3 21:46:31 localhost NetworkManager[1240]: <info>  [1583289991.2112] dhcp4 (eth1): activation: beginning transaction (timeout in 45 seconds)
Mar  3 21:46:31 localhost systemd[1]: Started Dynamic System Tuning Daemon.
Mar  3 21:46:31 localhost systemd-udevd[1207]: link_config: autonegotiation is unset or enabled, the speed and duplex are not writable.
Mar  3 21:46:31 localhost systemd-logind[1535]: Watching system buttons on /dev/input/event0 (Power Button)
Mar  3 21:46:31 localhost systemd-logind[1535]: Watching system buttons on /dev/input/event1 (AT Translated Set 2 keyboard)
Mar  3 21:46:31 localhost systemd-logind[1535]: New seat seat0.
Mar  3 21:46:31 localhost systemd[1]: Started Login Service.
Mar  3 21:46:32 localhost rngd[1248]: Enabling JITTER rng support
Mar  3 21:46:32 localhost rngd[1248]: Initalizing entropy source jitter
Mar  3 21:46:33 localhost NetworkManager[1240]: <info>  [1583289993.7281] dhcp6 (eth2): activation: beginning transaction (timeout in 45 seconds)
Mar  3 21:46:34 localhost NetworkManager[1240]: <info>  [1583289994.2175] dhcp6 (eth2): state changed unknown -> bound
Mar  3 21:46:34 localhost NetworkManager[1240]: <info>  [1583289994.2274] dhcp4 (eth2): state changed unknown -> bound
Mar  3 21:46:34 localhost NetworkManager[1240]: <info>  [1583289994.2353] dhcp4 (eth1): state changed unknown -> bound
Mar  3 21:46:34 localhost NetworkManager[1240]: <info>  [1583289994.2371] device (eth2): state change: ip-config -> ip-check (reason 'none', sys-iface-state: 'managed')
Mar  3 21:46:34 localhost NetworkManager[1240]: <info>  [1583289994.2383] device (eth1): state change: ip-config -> ip-check (reason 'none', sys-iface-state: 'managed')
Mar  3 21:46:34 localhost NetworkManager[1240]: <info>  [1583289994.2393] device (eth2): state change: ip-check -> secondaries (reason 'none', sys-iface-state: 'managed')
Mar  3 21:46:34 localhost NetworkManager[1240]: <info>  [1583289994.2394] device (eth2): state change: secondaries -> activated (reason 'none', sys-iface-state: 'managed')
Mar  3 21:46:34 localhost NetworkManager[1240]: <info>  [1583289994.2406] policy: set 'System eth1' (eth1) as default for IPv4 routing and DNS
Mar  3 21:46:34 localhost NetworkManager[1240]: <info>  [1583289994.2426] device (eth2): Activation: successful, device activated.
Mar  3 21:46:34 localhost dbus-daemon[1219]: [system] Activating via systemd: service name='org.freedesktop.resolve1' unit='dbus-org.freedesktop.resolve1.service' requested by ':1.1' (uid=0 pid=1240 comm="/usr/sbin/NetworkManager --no-daemon " label="system_u:system_r:NetworkManager_t:s0")
Mar  3 21:46:34 localhost dbus-daemon[1219]: [system] Activation via systemd failed for unit 'dbus-org.freedesktop.resolve1.service': Unit dbus-org.freedesktop.resolve1.service not found.
Mar  3 21:46:34 localhost NetworkManager[1240]: <info>  [1583289994.2454] device (eth1): state change: ip-check -> secondaries (reason 'none', sys-iface-state: 'managed')
Mar  3 21:46:34 localhost NetworkManager[1240]: <info>  [1583289994.2457] device (eth1): state change: secondaries -> activated (reason 'none', sys-iface-state: 'managed')
Mar  3 21:46:34 localhost NetworkManager[1240]: <info>  [1583289994.2469] device (eth1): Activation: successful, device activated.
Mar  3 21:46:34 localhost NetworkManager[1240]: <info>  [1583289994.2474] manager: NetworkManager state is now CONNECTED_GLOBAL
Mar  3 21:46:41 localhost chronyd[1254]: Selected source 45.79.109.111
Mar  3 21:46:42 localhost chronyd[1254]: System clock TAI offset set to 37 seconds
Mar  3 21:46:42 localhost chronyd[1254]: System clock wrong by 1.004236 seconds, adjustment started
Mar  3 21:46:42 localhost chronyd[1254]: System clock was stepped by 1.004236 seconds
Mar  3 21:46:52 localhost systemd[1]: Created slice system-user\x2druntime\x2ddir.slice.
Mar  3 21:46:52 localhost systemd[1]: Started /run/user/0 mount wrapper.
Mar  3 21:46:52 localhost systemd[1]: Created slice User Slice of UID 0.
Mar  3 21:46:52 localhost systemd[1]: Starting User Manager for UID 0...
Mar  3 21:46:52 localhost systemd-logind[1535]: New session 1 of user root.
Mar  3 21:46:52 localhost systemd[1]: Started Session 1 of user root.
Mar  3 21:46:52 localhost systemd[1973]: Starting D-Bus User Message Bus Socket.
Mar  3 21:46:52 localhost systemd[1973]: Reached target Timers.
Mar  3 21:46:52 localhost systemd[1973]: Reached target Paths.
Mar  3 21:46:52 localhost systemd[1973]: Listening on D-Bus User Message Bus Socket.
Mar  3 21:46:52 localhost systemd[1973]: Reached target Sockets.
Mar  3 21:46:52 localhost systemd[1973]: Reached target Basic System.
Mar  3 21:46:52 localhost systemd[1973]: Reached target Default.
Mar  3 21:46:52 localhost systemd[1973]: Startup finished in 30ms.
Mar  3 21:46:52 localhost systemd[1]: Started User Manager for UID 0.
Mar  3 21:46:52 localhost systemd-logind[1535]: Session 1 logged out. Waiting for processes to exit.
Mar  3 21:46:52 localhost systemd-logind[1535]: Removed session 1.
Mar  3 21:46:52 localhost systemd[1]: user-runtime-dir@0.service: Unit not needed anymore. Stopping.
Mar  3 21:46:52 localhost systemd[1]: Stopping User Manager for UID 0...
Mar  3 21:46:52 localhost systemd[1973]: Stopped target Default.
Mar  3 21:46:52 localhost systemd[1973]: Stopped target Basic System.
Mar  3 21:46:52 localhost systemd[1973]: Stopped target Timers.
Mar  3 21:46:52 localhost systemd[1973]: Stopped target Paths.
Mar  3 21:46:52 localhost systemd[1973]: Stopped target Sockets.
Mar  3 21:46:52 localhost systemd[1973]: Closed D-Bus User Message Bus Socket.
Mar  3 21:46:52 localhost systemd[1973]: Reached target Shutdown.
Mar  3 21:46:52 localhost systemd[1973]: Starting Exit the Session...
Mar  3 21:46:52 localhost systemd[1]: user-runtime-dir@0.service: Unit not needed anymore. Stopping.
Mar  3 21:46:52 localhost systemd[1]: Stopped User Manager for UID 0.
Mar  3 21:46:52 localhost systemd[1]: user-runtime-dir@0.service: Unit not needed anymore. Stopping.
Mar  3 21:46:52 localhost systemd[1]: Stopping /run/user/0 mount wrapper...
Mar  3 21:46:52 localhost systemd[1]: Removed slice User Slice of UID 0.
Mar  3 21:46:52 localhost systemd[1]: Stopped /run/user/0 mount wrapper.
Mar  3 21:46:56 localhost systemd[1]: Started /run/user/0 mount wrapper.
Mar  3 21:46:56 localhost systemd[1]: Created slice User Slice of UID 0.
Mar  3 21:46:56 localhost systemd[1]: Starting User Manager for UID 0...
Mar  3 21:46:56 localhost systemd-logind[1535]: New session 3 of user root.
Mar  3 21:46:56 localhost systemd[1]: Started Session 3 of user root.
Mar  3 21:46:56 localhost systemd[2009]: Starting D-Bus User Message Bus Socket.
Mar  3 21:46:56 localhost systemd[2009]: Reached target Paths.
Mar  3 21:46:56 localhost systemd[2009]: Reached target Timers.
Mar  3 21:46:56 localhost systemd[2009]: Listening on D-Bus User Message Bus Socket.
Mar  3 21:46:56 localhost systemd[2009]: Reached target Sockets.
Mar  3 21:46:56 localhost systemd[2009]: Reached target Basic System.
Mar  3 21:46:56 localhost systemd[2009]: Reached target Default.
Mar  3 21:46:56 localhost systemd[2009]: Startup finished in 28ms.
Mar  3 21:46:56 localhost systemd[1]: Started User Manager for UID 0.
Mar  3 21:46:58 localhost platform-python[2076]: ansible-user Invoked with name=cloud-user state=present password=NOT_LOGGING_PARAMETER non_unique=False force=False remove=False create_home=True system=False move_home=False append=False ssh_key_bits=0 ssh_key_type=rsa ssh_key_comment=ansible-generated on localhost.localdomain update_password=always uid=None group=None groups=None comment=None home=None shell=None login_class=None hidden=None seuser=None skeleton=None generate_ssh_key=None ssh_key_file=None ssh_key_passphrase=NOT_LOGGING_PARAMETER expires=None password_lock=None local=None
Mar  3 21:46:59 localhost platform-python[2153]: ansible-lineinfile Invoked with dest=/etc/sudoers line=cloud-user ALL=(ALL) NOPASSWD:ALL path=/etc/sudoers state=present backrefs=False create=False backup=False firstmatch=False follow=False regexp=None insertafter=None insertbefore=None validate=None mode=None owner=None group=None seuser=None serole=None selevel=None setype=None attributes=None src=None force=None content=NOT_LOGGING_PARAMETER remote_src=None delimiter=None directory_mode=None unsafe_writes=None
Mar  3 21:46:59 localhost platform-python[2221]: ansible-authorized_key Invoked with user=cloud-user key=ssh-rsa AAAAB3NzaC1yc2EAAAABIwAAAQEAoilfFFTGFASMZXm8pOuj3W7TmDltehxTcPRXEdOnkh7RMUKU0gNEaNvdR4VPjVk6BIZ9XHaCxvLxGryYbED2s8iCXl0rYGe9qPM1E1WE0ZUL00BL3gmFOVozvr5Denf+Stb9cZXxHsaOBWOi5R+GRuIwjmLmNlGZcvkfV4R4bA8y2lNifxi0LBoY65vvWSymL5ZxptxzBPEZpoDk+/3tavx55dZ8L8ibbMIILl8RhS7eqj0VTtP4Z591w61x/Q7nOufCcSXuyY76KvGz1xaLG9h0CpLKbc1k8/9bGEmBABOIbvuajiKKN/a/vv0XewwyehhjtcKssoJSbOoXa/wskQ== rhos-jenkins manage_dir=True state=present unique=False exclusive=False validate_certs=True follow=False path=None key_options=None comment=None
Mar  3 21:47:00 localhost systemd[1]: Started /run/user/1000 mount wrapper.
Mar  3 21:47:00 localhost systemd[1]: Created slice User Slice of UID 1000.
Mar  3 21:47:00 localhost systemd[1]: Starting User Manager for UID 1000...
Mar  3 21:47:00 localhost systemd-logind[1535]: New session 5 of user cloud-user.
Mar  3 21:47:00 localhost systemd[1]: Started Session 5 of user cloud-user.
Mar  3 21:47:00 localhost systemd[2238]: Reached target Paths.
Mar  3 21:47:00 localhost systemd[2238]: Started Mark boot as successful after the user session has run 2 minutes.
Mar  3 21:47:00 localhost systemd[2238]: Reached target Timers.
Mar  3 21:47:00 localhost systemd[2238]: Starting D-Bus User Message Bus Socket.
Mar  3 21:47:00 localhost systemd[2238]: Listening on D-Bus User Message Bus Socket.
Mar  3 21:47:00 localhost systemd[2238]: Reached target Sockets.
Mar  3 21:47:00 localhost systemd[2238]: Reached target Basic System.
Mar  3 21:47:00 localhost systemd[2238]: Reached target Default.
Mar  3 21:47:00 localhost systemd[2238]: Startup finished in 24ms.
Mar  3 21:47:00 localhost systemd[1]: Started User Manager for UID 1000.
Mar  3 21:47:01 localhost systemd[1]: NetworkManager-wait-online.service: Main process exited, code=exited, status=1/FAILURE
Mar  3 21:47:01 localhost systemd[1]: NetworkManager-wait-online.service: Failed with result 'exit-code'.
Mar  3 21:47:01 localhost systemd[1]: Failed to start Network Manager Wait Online.
Mar  3 21:47:01 localhost systemd[1]: Reached target Network is Online.
Mar  3 21:47:01 localhost systemd[1]: Starting Notify NFS peers of a restart...
Mar  3 21:47:01 localhost systemd[1]: Starting Crash recovery kernel arming...
Mar  3 21:47:01 localhost systemd[1]: Starting System Logging Service...
Mar  3 21:47:01 localhost sm-notify[2264]: Version 2.3.3 starting
Mar  3 21:47:01 localhost systemd[1]: Started Notify NFS peers of a restart.
Mar  3 21:47:01 localhost rsyslogd[2266]: environment variable TZ is not set, auto correcting this to TZ=/etc/localtime  [v8.37.0-13.el8 try http://www.rsyslog.com/e/2442 ]
Mar  3 21:47:01 localhost rsyslogd[2266]: [origin software="rsyslogd" swVersion="8.37.0-13.el8" x-pid="2266" x-info="http://www.rsyslog.com"] start
Mar  3 21:47:01 localhost systemd[1]: Started System Logging Service.
Mar  3 21:47:01 localhost rsyslogd[2266]: imjournal: No statefile exists, /var/lib/rsyslog/imjournal.state will be created (ignore if this is first run): No such file or directory [v8.37.0-13.el8 try http://www.rsyslog.com/e/2040 ]
Mar  3 21:47:01 localhost systemd[1]: Reached target Multi-User System.
Mar  3 21:47:01 localhost systemd[1]: Starting Update UTMP about System Runlevel Changes...
Mar  3 21:47:01 localhost systemd[1]: Started Update UTMP about System Runlevel Changes.
Mar  3 21:47:01 localhost kdumpctl[2265]: No kdump initial ramdisk found.
Mar  3 21:47:01 localhost kdumpctl[2265]: Rebuilding /boot/initramfs-4.18.0-147.el8.x86_64kdump.img
Mar  3 21:47:01 localhost dracut[2528]: dracut-049-27.git20190906.el8
Mar  3 21:47:02 localhost dracut[2530]: Executing: /usr/bin/dracut --quiet --hostonly --hostonly-cmdline --hostonly-i18n --hostonly-mode strict -o "plymouth dash resume ifcfg earlykdump" --mount "/dev/disk/by-uuid/f7614c41-2835-4125-bb13-50772dc2f30c /sysroot xfs defaults" --no-hostonly-default-device -f /boot/initramfs-4.18.0-147.el8.x86_64kdump.img 4.18.0-147.el8.x86_64
Mar  3 21:47:02 localhost dracut[2530]: dracut module 'busybox' will not be installed, because command 'busybox' could not be found!
Mar  3 21:47:02 localhost dracut[2530]: dracut module 'ifcfg' will not be installed, because it's in the list to be omitted!
Mar  3 21:47:02 localhost dracut[2530]: dracut module 'plymouth' will not be installed, because it's in the list to be omitted!
Mar  3 21:47:02 localhost dracut[2530]: dracut module 'lvmmerge' will not be installed, because command 'lvm' could not be found!
Mar  3 21:47:02 localhost dracut[2530]: dracut module 'btrfs' will not be installed, because command 'btrfs' could not be found!
Mar  3 21:47:02 localhost dracut[2530]: dracut module 'dmraid' will not be installed, because command 'dmraid' could not be found!
Mar  3 21:47:02 localhost dracut[2530]: dracut module 'lvm' will not be installed, because command 'lvm' could not be found!
Mar  3 21:47:02 localhost dracut[2530]: dracut module 'mdraid' will not be installed, because command 'mdadm' could not be found!
Mar  3 21:47:02 localhost dracut[2530]: dracut module 'stratis' will not be installed, because command 'stratisd-init' could not be found!
Mar  3 21:47:02 localhost dracut[2530]: dracut module 'stratis' will not be installed, because command 'thin_check' could not be found!
Mar  3 21:47:02 localhost dracut[2530]: dracut module 'stratis' will not be installed, because command 'thin_repair' could not be found!
Mar  3 21:47:02 localhost platform-python[2665]: ansible-setup Invoked with gather_timeout=10 gather_subset=['all'] filter=* fact_path=/etc/ansible/facts.d
Mar  3 21:47:02 localhost dracut[2530]: dracut module 'cifs' will not be installed, because command 'mount.cifs' could not be found!
Mar  3 21:47:02 localhost dracut[2530]: dracut module 'iscsi' will not be installed, because command 'iscsi-iname' could not be found!
Mar  3 21:47:02 localhost dracut[2530]: dracut module 'iscsi' will not be installed, because command 'iscsiadm' could not be found!
Mar  3 21:47:02 localhost dracut[2530]: dracut module 'iscsi' will not be installed, because command 'iscsid' could not be found!
Mar  3 21:47:02 localhost dracut[2530]: dracut module 'resume' will not be installed, because it's in the list to be omitted!
Mar  3 21:47:02 localhost dracut[2530]: dracut module 'biosdevname' will not be installed, because command 'biosdevname' could not be found!
Mar  3 21:47:02 localhost dracut[2530]: dracut module 'earlykdump' will not be installed, because it's in the list to be omitted!
Mar  3 21:47:02 localhost dracut[2530]: dracut module 'busybox' will not be installed, because command 'busybox' could not be found!
Mar  3 21:47:02 localhost dracut[2530]: dracut module 'lvmmerge' will not be installed, because command 'lvm' could not be found!
Mar  3 21:47:02 localhost dracut[2530]: dracut module 'btrfs' will not be installed, because command 'btrfs' could not be found!
Mar  3 21:47:02 localhost dracut[2530]: dracut module 'dmraid' will not be installed, because command 'dmraid' could not be found!
Mar  3 21:47:02 localhost dracut[2530]: dracut module 'lvm' will not be installed, because command 'lvm' could not be found!
Mar  3 21:47:02 localhost dracut[2530]: dracut module 'mdraid' will not be installed, because command 'mdadm' could not be found!
Mar  3 21:47:02 localhost dracut[2530]: dracut module 'stratis' will not be installed, because command 'stratisd-init' could not be found!
Mar  3 21:47:02 localhost dracut[2530]: dracut module 'stratis' will not be installed, because command 'thin_check' could not be found!
Mar  3 21:47:02 localhost dracut[2530]: dracut module 'stratis' will not be installed, because command 'thin_repair' could not be found!
Mar  3 21:47:02 localhost dracut[2530]: dracut module 'cifs' will not be installed, because command 'mount.cifs' could not be found!
Mar  3 21:47:02 localhost dracut[2530]: dracut module 'iscsi' will not be installed, because command 'iscsi-iname' could not be found!
Mar  3 21:47:02 localhost dracut[2530]: dracut module 'iscsi' will not be installed, because command 'iscsiadm' could not be found!
Mar  3 21:47:02 localhost dracut[2530]: dracut module 'iscsi' will not be installed, because command 'iscsid' could not be found!
Mar  3 21:47:03 localhost dracut[2530]: *** Including module: bash ***
Mar  3 21:47:03 localhost dracut[2530]: *** Including module: systemd ***
Mar  3 21:47:03 localhost dracut[2530]: *** Including module: systemd-initrd ***
Mar  3 21:47:03 localhost dracut[2530]: *** Including module: rngd ***
Mar  3 21:47:03 localhost dracut[2530]: *** Including module: i18n ***
Mar  3 21:47:03 localhost dracut[2530]: *** Including module: drm ***
Mar  3 21:47:03 localhost platform-python[4000]: ansible-file Invoked with state=directory path=/etc/systemd/journald.conf.d recurse=False force=False follow=True modification_time_format=%Y%m%d%H%M.%S access_time_format=%Y%m%d%H%M.%S _original_basename=None _diff_peek=None src=None modification_time=None access_time=None mode=None owner=None group=None seuser=None serole=None selevel=None setype=None attributes=None content=NOT_LOGGING_PARAMETER backup=None remote_src=None regexp=None delimiter=None directory_mode=None unsafe_writes=None
Mar  3 21:47:03 localhost dracut[2530]: *** Including module: prefixdevname ***
Mar  3 21:47:03 localhost dracut[2530]: *** Including module: kernel-modules ***
Mar  3 21:47:03 localhost dracut[2530]: *** Including module: kernel-modules-extra ***
Mar  3 21:47:03 localhost dracut[2530]: *** Including module: qemu ***
Mar  3 21:47:04 localhost dracut[2530]: *** Including module: fstab-sys ***
Mar  3 21:47:04 localhost dracut[2530]: *** Including module: rootfs-block ***
Mar  3 21:47:04 localhost dracut[2530]: *** Including module: terminfo ***
Mar  3 21:47:04 localhost dracut[2530]: *** Including module: udev-rules ***
Mar  3 21:47:04 localhost platform-python[4471]: ansible-blockinfile Invoked with create=True path=/etc/systemd/journald.conf.d/storage.conf block=[Journal]#012Storage=persistent#012 state=present marker=# {mark} ANSIBLE MANAGED BLOCK backup=False marker_begin=BEGIN marker_end=END follow=False insertafter=None insertbefore=None validate=None mode=None owner=None group=None seuser=None serole=None selevel=None setype=None attributes=None src=None force=None content=None remote_src=None regexp=None delimiter=None directory_mode=None unsafe_writes=None
Mar  3 21:47:04 localhost dracut[2530]: Skipping udev rule: 91-permissions.rules
Mar  3 21:47:04 localhost dracut[2530]: Skipping udev rule: 80-drivers-modprobe.rules
Mar  3 21:47:04 localhost dracut[2530]: *** Including module: dracut-systemd ***
Mar  3 21:47:04 localhost dracut[2530]: *** Including module: usrmount ***
Mar  3 21:47:04 localhost dracut[2530]: *** Including module: base ***
Mar  3 21:47:04 localhost dracut[2530]: *** Including module: fs-lib ***
Mar  3 21:47:04 localhost dracut[2530]: *** Including module: kdumpbase ***
Mar  3 21:47:04 localhost dracut[2530]: *** Including module: microcode_ctl-fw_dir_override ***
Mar  3 21:47:04 localhost dracut[2530]:  microcode_ctl module: mangling fw_dir
Mar  3 21:47:04 localhost dracut[2530]:    microcode_ctl: reset fw_dir to "/lib/firmware/updates /lib/firmware"
Mar  3 21:47:04 localhost dracut[2530]:    microcode_ctl: processing data directory  "/usr/share/microcode_ctl/ucode_with_caveats/intel"...
Mar  3 21:47:04 localhost dracut[2530]:    microcode_ctl: intel: Host-Only mode is enabled and ucode name does not match the expected one, skipping caveat ("06-4f-01" not in " intel-ucode/*")
Mar  3 21:47:04 localhost dracut[2530]:    microcode_ctl: processing data directory  "/usr/share/microcode_ctl/ucode_with_caveats/intel-06-2d-07"...
Mar  3 21:47:04 localhost dracut[2530]:    microcode_ctl: kernel version "4.18.0-147.el8.x86_64" failed early load check for "intel-06-2d-07", skipping
Mar  3 21:47:04 localhost dracut[2530]:    microcode_ctl: processing data directory  "/usr/share/microcode_ctl/ucode_with_caveats/intel-06-4f-01"...
Mar  3 21:47:04 localhost dracut[2530]:    microcode_ctl: kernel version "4.18.0-147.el8.x86_64" failed early load check for "intel-06-4f-01", skipping
Mar  3 21:47:04 localhost dracut[2530]:    microcode_ctl: final fw_dir: "/lib/firmware/updates /lib/firmware"
Mar  3 21:47:04 localhost dracut[2530]: *** Including module: shutdown ***
Mar  3 21:47:04 localhost dracut[2530]: *** Including module: squash ***
Mar  3 21:47:04 localhost dracut[2530]: *** Including modules done ***
Mar  3 21:47:04 localhost dracut[2530]: *** Installing kernel module dependencies ***
Mar  3 21:47:04 localhost dracut[2530]: *** Installing kernel module dependencies done ***
Mar  3 21:47:04 localhost dracut[2530]: *** Resolving executable dependencies ***
Mar  3 21:47:05 localhost platform-python[5074]: ansible-systemd Invoked with name=systemd-journald state=restarted daemon_reload=False no_block=False enabled=None force=None masked=None user=None scope=None
Mar  3 21:47:05 localhost systemd[1]: Stopped Flush Journal to Persistent Storage.
Mar  3 21:47:05 localhost systemd[1]: Stopping Journal Service...
Mar  3 21:47:05 localhost systemd[1]: Stopping Flush Journal to Persistent Storage...
Mar  3 21:47:05 localhost systemd-journald[1111]: Journal stopped
Mar  3 21:47:05 localhost systemd-journald[5253]: Time spent on flushing to /var is 9.149ms for 1075 entries.
Mar  3 21:47:05 localhost systemd-journald[1111]: Received SIGTERM from PID 1 (systemd).
Mar  3 21:47:05 localhost systemd[1]: Stopped Journal Service.
Mar  3 21:47:05 localhost systemd[1]: Starting Journal Service...
Mar  3 21:47:05 localhost systemd-journald[5253]: Journal started
Mar  3 21:47:05 localhost systemd-journald[5253]: System journal (/var/log/journal/4a1725b33324bd7c8e4d70733acbf218) is 8.0M, max 4.0G, 3.9G free.
Mar  3 21:47:05 localhost systemd[1]: Started Journal Service.
Mar  3 21:47:05 localhost rsyslogd[2266]: imjournal: journal reloaded... [v8.37.0-13.el8 try http://www.rsyslog.com/e/0 ]
Mar  3 21:47:05 localhost systemd[1]: Starting Flush Journal to Persistent Storage...
Mar  3 21:47:05 localhost systemd[1]: Started Flush Journal to Persistent Storage.
Mar  3 21:47:05 localhost dracut[2530]: *** Resolving executable dependencies done***
Mar  3 21:47:05 localhost dracut[2530]: *** Hardlinking files ***
Mar  3 21:47:05 localhost dracut[2530]: *** Hardlinking files done ***
Mar  3 21:47:05 localhost dracut[2530]: Could not find 'strip'. Not stripping the initramfs.
Mar  3 21:47:05 localhost dracut[2530]: *** Generating early-microcode cpio image ***
Mar  3 21:47:05 localhost dracut[2530]: *** Constructing GenuineIntel.bin ****
Mar  3 21:47:05 localhost dracut[2530]: *** Store current command line parameters ***
Mar  3 21:47:05 localhost dracut[2530]: Stored kernel commandline:
Mar  3 21:47:05 localhost dracut[2530]: No dracut internal kernel commandline stored in the initramfs
Mar  3 21:47:05 localhost dracut[2530]: *** Creating image file '/boot/initramfs-4.18.0-147.el8.x86_64kdump.img' ***
Mar  3 21:47:08 localhost dracut[2530]: *** Creating initramfs image file '/boot/initramfs-4.18.0-147.el8.x86_64kdump.img' done ***
Mar  3 21:47:08 localhost kdumpctl[2265]: kexec: loaded kdump kernel
Mar  3 21:47:08 localhost kdumpctl[2265]: Starting kdump: [OK]
Mar  3 21:47:08 localhost systemd[1]: Started Crash recovery kernel arming.
Mar  3 21:47:08 localhost systemd[1]: Startup finished in 2.464s (kernel) + 2.145s (initrd) + 38.304s (userspace) = 42.913s.
Mar  3 21:47:17 localhost NetworkManager[1240]: <warn>  [1583290037.7414] dhcp4 (eth0): request timed out
Mar  3 21:47:17 localhost NetworkManager[1240]: <info>  [1583290037.7418] dhcp4 (eth0): state changed unknown -> timeout
Mar  3 21:47:17 localhost NetworkManager[1240]: <info>  [1583290037.7481] dhcp4 (eth0): canceled DHCP transaction
Mar  3 21:47:17 localhost NetworkManager[1240]: <info>  [1583290037.7481] dhcp4 (eth0): state changed timeout -> done
Mar  3 21:47:17 localhost NetworkManager[1240]: <info>  [1583290037.7484] device (eth0): state change: ip-config -> failed (reason 'ip-config-unavailable', sys-iface-state: 'managed')
Mar  3 21:47:17 localhost NetworkManager[1240]: <info>  [1583290037.7487] manager: startup complete
Mar  3 21:47:17 localhost NetworkManager[1240]: <warn>  [1583290037.7494] device (eth0): Activation: failed for connection 'System eth0'
Mar  3 21:47:17 localhost NetworkManager[1240]: <info>  [1583290037.7496] device (eth0): state change: failed -> disconnected (reason 'none', sys-iface-state: 'managed')
Mar  3 21:47:17 localhost NetworkManager[1240]: <info>  [1583290037.7543] policy: auto-activating connection 'System eth0' (5fb06bd0-0bb0-7ffb-45f1-d6edd65f3e03)
Mar  3 21:47:17 localhost NetworkManager[1240]: <info>  [1583290037.7551] device (eth0): Activation: starting connection 'System eth0' (5fb06bd0-0bb0-7ffb-45f1-d6edd65f3e03)
Mar  3 21:47:17 localhost NetworkManager[1240]: <info>  [1583290037.7553] device (eth0): state change: disconnected -> prepare (reason 'none', sys-iface-state: 'managed')
Mar  3 21:47:17 localhost NetworkManager[1240]: <info>  [1583290037.7557] policy: set-hostname: set hostname to 'undercloud-0' (from address lookup)
Mar  3 21:47:17 localhost NetworkManager[1240]: <info>  [1583290037.7558] device (eth0): state change: prepare -> config (reason 'none', sys-iface-state: 'managed')
Mar  3 21:47:17 localhost dbus-daemon[1219]: [system] Activating via systemd: service name='org.freedesktop.hostname1' unit='dbus-org.freedesktop.hostname1.service' requested by ':1.1' (uid=0 pid=1240 comm="/usr/sbin/NetworkManager --no-daemon " label="system_u:system_r:NetworkManager_t:s0")
Mar  3 21:47:17 localhost NetworkManager[1240]: <info>  [1583290037.7563] device (eth0): state change: config -> ip-config (reason 'none', sys-iface-state: 'managed')
Mar  3 21:47:17 localhost NetworkManager[1240]: <info>  [1583290037.7566] dhcp4 (eth0): activation: beginning transaction (timeout in 45 seconds)
Mar  3 21:47:17 localhost systemd[1]: Starting Hostname Service...
Mar  3 21:47:18 localhost dbus-daemon[1219]: [system] Successfully activated service 'org.freedesktop.hostname1'
Mar  3 21:47:18 localhost systemd[1]: Started Hostname Service.
Mar  3 21:47:18 localhost systemd-hostnamed[6069]: Changed host name to 'undercloud-0'
Mar  3 21:47:18 localhost dbus-daemon[1219]: [system] Activating via systemd: service name='org.freedesktop.nm_dispatcher' unit='dbus-org.freedesktop.nm-dispatcher.service' requested by ':1.1' (uid=0 pid=1240 comm="/usr/sbin/NetworkManager --no-daemon " label="system_u:system_r:NetworkManager_t:s0")
Mar  3 21:47:18 localhost systemd[1]: Starting Network Manager Script Dispatcher Service...
Mar  3 21:47:18 localhost dbus-daemon[1219]: [system] Successfully activated service 'org.freedesktop.nm_dispatcher'
Mar  3 21:47:18 localhost systemd[1]: Started Network Manager Script Dispatcher Service.
Mar  3 21:47:33 localhost platform-python[6173]: ansible-setup Invoked with gather_timeout=10 gather_subset=['all'] filter=* fact_path=/etc/ansible/facts.d
Mar  3 21:47:33 localhost rsyslogd[2266]: imjournal: journal reloaded... [v8.37.0-13.el8 try http://www.rsyslog.com/e/0 ]
Mar  3 21:47:37 localhost platform-python[6296]: ansible-setup Invoked with gather_timeout=10 gather_subset=['all'] filter=* fact_path=/etc/ansible/facts.d
Mar  3 21:47:55 localhost platform-python[6425]: ansible-selinux Invoked with state=enforcing policy=targeted configfile=/etc/selinux/config
Mar  3 21:47:56 localhost platform-python[6522]: ansible-hostname Invoked with name=undercloud-0.redhat.local
Mar  3 21:47:56 localhost dbus-daemon[1219]: [system] Activating via systemd: service name='org.freedesktop.hostname1' unit='dbus-org.freedesktop.hostname1.service' requested by ':1.44' (uid=0 pid=6527 comm="hostnamectl --static status " label="unconfined_u:unconfined_r:unconfined_t:s0-s0:c0.c1023")
Mar  3 21:47:56 localhost systemd[1]: Starting Hostname Service...
Mar  3 21:47:56 localhost dbus-daemon[1219]: [system] Successfully activated service 'org.freedesktop.hostname1'
Mar  3 21:47:56 localhost systemd[1]: Started Hostname Service.
Mar  3 21:47:56 localhost systemd-hostnamed[6528]: Changed host name to 'undercloud-0.redhat.local'
Mar  3 21:47:56 localhost systemd-hostnamed[6528]: Changed pretty host name to 'undercloud-0.redhat.local'
Mar  3 21:47:56 localhost systemd-hostnamed[6528]: Changed static host name to 'undercloud-0.redhat.local'
Mar  3 21:47:56 localhost NetworkManager[1240]: <info>  [1583290076.5428] hostname: hostname changed from "localhost.localdomain" to "undercloud-0.redhat.local"
Mar  3 21:47:56 localhost NetworkManager[1240]: <info>  [1583290076.5430] policy: set-hostname: current hostname was changed outside NetworkManager: 'undercloud-0.redhat.local'
Mar  3 21:47:56 localhost dbus-daemon[1219]: [system] Activating via systemd: service name='org.freedesktop.nm_dispatcher' unit='dbus-org.freedesktop.nm-dispatcher.service' requested by ':1.1' (uid=0 pid=1240 comm="/usr/sbin/NetworkManager --no-daemon " label="system_u:system_r:NetworkManager_t:s0")
Mar  3 21:47:56 localhost systemd[1]: Starting Network Manager Script Dispatcher Service...
Mar  3 21:47:56 localhost dbus-daemon[1219]: [system] Successfully activated service 'org.freedesktop.nm_dispatcher'
Mar  3 21:47:56 localhost systemd[1]: Started Network Manager Script Dispatcher Service.
Mar  3 21:47:57 localhost platform-python[6632]: ansible-lineinfile Invoked with insertbefore=BOF dest=/etc/hosts state=present line=127.0.0.1   undercloud-0.redhat.local undercloud-0 path=/etc/hosts backrefs=False create=False backup=False firstmatch=False follow=False regexp=None insertafter=None validate=None mode=None owner=None group=None seuser=None serole=None selevel=None setype=None attributes=None src=None force=None content=NOT_LOGGING_PARAMETER remote_src=None delimiter=None directory_mode=None unsafe_writes=None
Mar  3 21:47:57 localhost platform-python[6727]: ansible-lineinfile Invoked with dest=/etc/sudoers state=absent regexp=Defaults\s+requiretty path=/etc/sudoers backrefs=False create=False backup=False firstmatch=False follow=False line=None insertafter=None insertbefore=None validate=None mode=None owner=None group=None seuser=None serole=None selevel=None setype=None attributes=None src=None force=None content=NOT_LOGGING_PARAMETER remote_src=None delimiter=None directory_mode=None unsafe_writes=None
Mar  3 21:47:58 localhost platform-python[6822]: ansible-user Invoked with name=stack state=present password=NOT_LOGGING_PARAMETER non_unique=False force=False remove=False create_home=True system=False move_home=False append=False ssh_key_bits=0 ssh_key_type=rsa ssh_key_comment=ansible-generated on undercloud-0.redhat.local update_password=always uid=None group=None groups=None comment=None home=None shell=None login_class=None hidden=None seuser=None skeleton=None generate_ssh_key=None ssh_key_file=None ssh_key_passphrase=NOT_LOGGING_PARAMETER expires=None password_lock=None local=None
Mar  3 21:47:59 localhost platform-python[6926]: ansible-lineinfile Invoked with dest=/etc/sudoers line=stack ALL=(root) NOPASSWD:ALL path=/etc/sudoers state=present backrefs=False create=False backup=False firstmatch=False follow=False regexp=None insertafter=None insertbefore=None validate=None mode=None owner=None group=None seuser=None serole=None selevel=None setype=None attributes=None src=None force=None content=NOT_LOGGING_PARAMETER remote_src=None delimiter=None directory_mode=None unsafe_writes=None
Mar  3 21:47:59 localhost platform-python[7021]: ansible-file Invoked with state=directory path=/home/stack/.ssh recurse=False force=False follow=True modification_time_format=%Y%m%d%H%M.%S access_time_format=%Y%m%d%H%M.%S _original_basename=None _diff_peek=None src=None modification_time=None access_time=None mode=None owner=None group=None seuser=None serole=None selevel=None setype=None attributes=None content=NOT_LOGGING_PARAMETER backup=None remote_src=None regexp=None delimiter=None directory_mode=None unsafe_writes=None
Mar  3 21:47:59 localhost platform-python[7021]: ansible-file [WARNING] Module remote_tmp /home/stack/.ansible/tmp did not exist and was created with a mode of 0700, this may cause issues when running as another user. To avoid this, create the remote_tmp dir with the correct permissions manually
Mar  3 21:47:59 localhost rsyslogd[2266]: imjournal: journal reloaded... [v8.37.0-13.el8 try http://www.rsyslog.com/e/0 ]
Mar  3 21:48:00 localhost systemd-logind[1535]: Session 3 logged out. Waiting for processes to exit.
Mar  3 21:48:00 localhost systemd-logind[1535]: Removed session 3.
Mar  3 21:48:00 localhost systemd[1]: user-runtime-dir@0.service: Unit not needed anymore. Stopping.
Mar  3 21:48:00 localhost systemd[1]: Stopping User Manager for UID 0...
Mar  3 21:48:00 localhost systemd[2009]: Stopped target Default.
Mar  3 21:48:00 localhost systemd[2009]: Stopped target Basic System.
Mar  3 21:48:00 localhost systemd[2009]: Stopped target Paths.
Mar  3 21:48:00 localhost systemd[2009]: Stopped target Sockets.
Mar  3 21:48:00 localhost systemd[2009]: Closed D-Bus User Message Bus Socket.
Mar  3 21:48:00 localhost systemd[2009]: Reached target Shutdown.
Mar  3 21:48:00 localhost systemd[2009]: Stopped target Timers.
Mar  3 21:48:00 localhost systemd[2009]: Starting Exit the Session...
Mar  3 21:48:00 localhost systemd[1]: user-runtime-dir@0.service: Unit not needed anymore. Stopping.
Mar  3 21:48:00 localhost systemd[1]: Stopped User Manager for UID 0.
Mar  3 21:48:00 localhost systemd[1]: user-runtime-dir@0.service: Unit not needed anymore. Stopping.
Mar  3 21:48:00 localhost systemd[1]: Removed slice User Slice of UID 0.
Mar  3 21:48:00 localhost systemd[1]: Stopping /run/user/0 mount wrapper...
Mar  3 21:48:00 localhost systemd[1]: Stopped /run/user/0 mount wrapper.
Mar  3 21:48:00 localhost platform-python[7127]: ansible-stat Invoked with get_checksum=True checksum_algo=sha1 follow=False path=/home/stack/.ssh/id_rsa checksum_algorithm=sha1 get_mime=True get_attributes=True get_md5=None
Mar  3 21:48:00 localhost platform-python[7205]: ansible-copy Invoked with force=True _original_basename=id_rsa follow=False owner=stack group=stack dest=/home/stack/.ssh/id_rsa src=/home/cloud-user/.ansible/tmp/ansible-tmp-1583290080.17-240149199646460/source checksum=9ad00b4db9c180a48ef6347d55b931204f89e950 mode=384 backup=False content=NOT_LOGGING_PARAMETER validate=None directory_mode=None remote_src=None local_follow=None seuser=None serole=None selevel=None setype=None attributes=None regexp=None delimiter=None unsafe_writes=None
Mar  3 21:48:01 localhost platform-python[7302]: ansible-command Invoked with _uses_shell=True _raw_params=ssh-keygen -y -f ~/.ssh/id_rsa > ~/.ssh/id_rsa.pub warn=True argv=None chdir=None executable=None creates=None removes=None stdin=None
Mar  3 21:48:02 localhost NetworkManager[1240]: <warn>  [1583290082.7312] dhcp4 (eth0): request timed out
